File	Sample	samtools	readsmapped	read1	read2	properly_paired	pairsmapped	singleton	mateondifcsome	mateHQondifcsome (mapQ>=5)
SYST-MOR-0006782.bam	SYST-MOR-0006782	samtools 1.21	52470494	26493202	25977292	40040236	48671054	3799440	2945876	984371
SYST-MOR-0006783.bam	SYST-MOR-0006783	samtools 1.21	69751754	35122408	34629346	57788670	65541040	4210714	2637108	855058
SYST-MOR-0006784.bam	SYST-MOR-0006784	samtools 1.21	90636575	45622456	45014119	71949970	84577440	6059135	4195202	1348627
SYST-MOR-0006785.bam	SYST-MOR-0006785	samtools 1.21	98198624	49462583	48736041	78949368	91492626	6705998	4332398	1369462
SYST-MOR-0006786.bam	SYST-MOR-0006786	samtools 1.21	110764974	55876897	54888077	88577782	102834110	7930864	4825026	1550982
SYST-MOR-0006787.bam	SYST-MOR-0006787	samtools 1.21	100540283	50668492	49871791	81692904	93227506	7312777	4076288	1323887
SYST-MOR-0006788.bam	SYST-MOR-0006788	samtools 1.21	109950754	55448749	54502005	86860558	101480462	8470292	5186936	1662540
SYST-MOR-0006789.bam	SYST-MOR-0006789	samtools 1.21	100218588	50503047	49715541	80199182	93836808	6381780	4873716	1579117
SYST-MOR-0006790.bam	SYST-MOR-0006790	samtools 1.21	131319175	66328071	64991104	101492242	122476166	8843009	7178812	2314702
SYST-MOR-0006791.bam	SYST-MOR-0006791	samtools 1.21	97277625	49101870	48175755	78343066	90675238	6602387	4298196	1369708
SRR14632955.bam	SRR14632955	samtools 1.21	134488312	68039841	66448471	104496020	124606720	9881592	9159030	2767068
SYST-MOR-0006792.bam	SYST-MOR-0006792	samtools 1.21	66305889	33402247	32903642	52509174	61919098	4386791	3209160	1042419
SYST-MOR-0006793.bam	SYST-MOR-0006793	samtools 1.21	63523215	31965740	31557475	51250126	59267164	4256051	2705758	877668
SYST-MOR-0006794.bam	SYST-MOR-0006794	samtools 1.21	108235032	54612619	53622413	85134504	100042258	8192774	5392270	1697481
SYST-MOR-0006795.bam	SYST-MOR-0006795	samtools 1.21	104449806	52712905	51736901	84756550	96678212	7771594	4376836	1341003
SYST-MOR-0006796.bam	SYST-MOR-0006796	samtools 1.21	182117590	91866813	90250777	153135626	169182402	12935188	5857160	1745523
SYST-MOR-0006797.bam	SYST-MOR-0006797	samtools 1.21	103737589	52347747	51389842	83341230	96118680	7618909	4484472	1391381
SYST-MOR-0006798.bam	SYST-MOR-0006798	samtools 1.21	83870162	42334819	41535343	66779906	78161032	5709130	3838140	1274124
SYST-MOR-0006799.bam	SYST-MOR-0006799	samtools 1.21	101467645	51164202	50303443	81146300	94853860	6613785	4626440	1527014
SYST-MOR-0006800.bam	SYST-MOR-0006800	samtools 1.21	78387448	39559852	38827596	62692962	72764344	5623104	3455928	1132140
SYST-MOR-0006801.bam	SYST-MOR-0006801	samtools 1.21	85826681	43358266	42468415	66460220	79257034	6569647	4424270	1460362
SRR14632961.bam	SRR14632961	samtools 1.21	221812623	111538341	110274282	199015064	209041696	12770927	5806486	1429615
SYST-MOR-0006802.bam	SYST-MOR-0006802	samtools 1.21	79460943	40023013	39437930	61903552	73537772	5923171	3971120	1306682
SYST-MOR-0006803.bam	SYST-MOR-0006803	samtools 1.21	74470915	37538110	36932805	60300088	69101148	5369767	3202376	968583
SYST-MOR-0006804.bam	SYST-MOR-0006804	samtools 1.21	98612914	49777513	48835401	78086894	91042208	7570706	4551012	1403263
SYST-MOR-0006805.bam	SYST-MOR-0006805	samtools 1.21	109427407	55274581	54152826	85910300	100939624	8487783	5211624	1656581
SYST-MOR-0006806.bam	SYST-MOR-0006806	samtools 1.21	77595484	39151111	38444373	62950120	71673744	5921740	3173760	902596
SYST-MOR-0006807.bam	SYST-MOR-0006807	samtools 1.21	85648826	43282125	42366701	67329524	79022330	6626496	4210702	1287332
SYST-MOR-0006808.bam	SYST-MOR-0006808	samtools 1.21	91495437	45976987	45518450	74235034	85240186	6255251	3760770	1211518
SYST-MOR-0006809.bam	SYST-MOR-0006809	samtools 1.21	68347180	34431998	33915182	54639304	63375640	4971540	3090750	963816
SYST-MOR-0006810.bam	SYST-MOR-0006810	samtools 1.21	96322221	48544028	47778193	77981344	89412442	6909779	3957206	1268990
SYST-MOR-0006811.bam	SYST-MOR-0006811	samtools 1.21	88939334	44892318	44047016	71727302	81808712	7130622	3768038	1068243
SRR14632964.bam	SRR14632964	samtools 1.21	225849734	113686119	112163615	199118588	212096228	13753506	7059624	1929556
SYST-MOR-0006812.bam	SYST-MOR-0006812	samtools 1.21	102933645	51925301	51008344	81783954	95165328	7768317	4794046	1508780
SYST-MOR-0006813.bam	SYST-MOR-0006813	samtools 1.21	112961211	57021713	55939498	87843008	104228994	8732217	5740762	1854251
SYST-MOR-0006814.bam	SYST-MOR-0006814	samtools 1.21	108533934	54754212	53779722	87755084	99586136	8947798	4286782	1241692
SYST-MOR-0006815.bam	SYST-MOR-0006815	samtools 1.21	122134282	61673517	60460765	97767376	112082122	10052160	5069274	1456115
SYST-MOR-0006816.bam	SYST-MOR-0006816	samtools 1.21	93663459	47185700	46477759	77329456	87003538	6659921	3558724	1088750
SYST-MOR-0006817.bam	SYST-MOR-0006817	samtools 1.21	116465014	58736203	57728811	94524248	108167692	8297322	4754454	1529539
SYST-MOR-0006818.bam	SYST-MOR-0006818	samtools 1.21	123274705	62086404	61188301	100381358	113659504	9615201	5148736	1387519
SYST-MOR-0006819.bam	SYST-MOR-0006819	samtools 1.21	117143709	58955971	58187738	97906854	109175024	7968685	4025880	1267467
SYST-MOR-0006820.bam	SYST-MOR-0006820	samtools 1.21	114474385	57646458	56827927	93487156	106537174	7937211	4580170	1434216
SYST-MOR-0006821.bam	SYST-MOR-0006821	samtools 1.21	137684872	69470371	68214501	109733536	127300460	10384412	6109340	1941872
SRR14632967.bam	SRR14632967	samtools 1.21	129370308	65129101	64241207	113170638	122451296	6919012	5251624	1295608
SYST-MOR-0006822.bam	SYST-MOR-0006822	samtools 1.21	93425004	47094717	46330287	77326392	87022430	6402574	3419242	1072021
SYST-MOR-0006823.bam	SYST-MOR-0006823	samtools 1.21	81234004	41026727	40207277	66224700	74633736	6600268	3145662	874104
SYST-MOR-0006824.bam	SYST-MOR-0006824	samtools 1.21	86189790	43435697	42754093	71654412	80399510	5790280	3161782	987782
SYST-MOR-0006825.bam	SYST-MOR-0006825	samtools 1.21	67470041	34038288	33431753	53452976	61884240	5585801	3065114	884392
SYST-MOR-0006826.bam	SYST-MOR-0006826	samtools 1.21	98792002	49831989	48960013	80061392	90803222	7988780	3998154	1158849
SYST-MOR-0006827.bam	SYST-MOR-0006827	samtools 1.21	116862572	58799287	58063285	98376778	108750494	8112078	3991216	1220891
SYST-MOR-0006828.bam	SYST-MOR-0006828	samtools 1.21	126711256	63831988	62879268	104257876	117336108	9375148	4761412	1519747
SYST-MOR-0006829.bam	SYST-MOR-0006829	samtools 1.21	138452513	69970681	68481832	108569020	127760806	10691707	6700588	2190091
SYST-MOR-0006830.bam	SYST-MOR-0006830	samtools 1.21	111548574	56309933	55238641	89699502	103341176	8207398	4854078	1555233
SYST-MOR-0006831.bam	SYST-MOR-0006831	samtools 1.21	126705042	64067691	62637351	97527288	117064422	9640620	6656418	2097102
SRR14632968.bam	SRR14632968	samtools 1.21	172325257	86779373	85545884	145419982	161968972	10356285	8276688	2250988
SYST-MOR-0006832.bam	SYST-MOR-0006832	samtools 1.21	106033538	53452746	52580792	85967500	98458712	7574826	4309272	1359551
SYST-MOR-0006833.bam	SYST-MOR-0006833	samtools 1.21	72845881	36826123	36019758	57234088	66812416	6033465	3441630	1015343
SYST-MOR-0006834.bam	SYST-MOR-0006834	samtools 1.21	101298977	51134506	50164471	78962540	93348836	7950141	5030880	1611109
SYST-MOR-0006835.bam	SYST-MOR-0006835	samtools 1.21	108309897	54589001	53720896	88035124	100266292	8043605	4406518	1421256
SYST-MOR-0006836.bam	SYST-MOR-0006836	samtools 1.21	92158390	46365447	45792943	79759178	85689972	6468418	2408044	666869
SYST-MOR-0006837.bam	SYST-MOR-0006837	samtools 1.21	140251977	70847255	69404722	110282228	129427396	10824581	6727462	2104739
SYST-MOR-0006838.bam	SYST-MOR-0006838	samtools 1.21	99556751	50181376	49375375	82941470	92335684	7221067	3446698	969216
SYST-MOR-0006839.bam	SYST-MOR-0006839	samtools 1.21	102147519	51468325	50679194	85806358	95190786	6956733	3364616	1065608
SYST-MOR-0006840.bam	SYST-MOR-0006840	samtools 1.21	77824353	39203657	38620696	65026378	72480000	5344353	2676616	862918
SYST-MOR-0006841.bam	SYST-MOR-0006841	samtools 1.21	94525886	47743314	46782572	78401536	87091650	7434236	3253346	909927
SRR14632969.bam	SRR14632969	samtools 1.21	211099720	106679311	104420409	165233262	195485540	15614180	15786974	4624514
SYST-MOR-0006842.bam	SYST-MOR-0006842	samtools 1.21	83029102	41986790	41042312	64966902	75917890	7111212	3939506	1156237
SYST-MOR-0006843.bam	SYST-MOR-0006843	samtools 1.21	70772542	35658471	35114071	56595540	65458280	5314262	3186592	1027922
SYST-MOR-0006844.bam	SYST-MOR-0006844	samtools 1.21	98954760	49763514	49191246	85911124	92619380	6335380	2593992	793774
SYST-MOR-0006845.bam	SYST-MOR-0006845	samtools 1.21	110760006	55933047	54826959	88746484	102150458	8609548	4684740	1418910
SYST-MOR-0006846.bam	SYST-MOR-0006846	samtools 1.21	87070397	43992077	43078320	70018274	80798730	6271667	3733714	1122534
SYST-MOR-0006847.bam	SYST-MOR-0006847	samtools 1.21	112472349	56798521	55673828	90286614	104123956	8348393	4886548	1524988
SYST-MOR-0006848.bam	SYST-MOR-0006848	samtools 1.21	22509588	11371133	11138455	17765004	20652072	1857516	1030098	301832
SYST-MOR-0006849.bam	SYST-MOR-0006849	samtools 1.21	107398749	54194466	53204283	86559018	99496910	7901839	4642560	1475748
SYST-MOR-0006850.bam	SYST-MOR-0006850	samtools 1.21	84885531	42772431	42113100	67686378	78592382	6293149	3881874	1248178
SYST-MOR-0006851.bam	SYST-MOR-0006851	samtools 1.21	89301727	45018940	44282787	74543052	82989180	6312547	3110146	1000565
SRR14632970.bam	SRR14632970	samtools 1.21	117117601	58926952	58190649	100872752	110728748	6388853	5437560	1463142
SYST-MOR-0006852.bam	SYST-MOR-0006852	samtools 1.21	102615077	51737229	50877848	83916558	95186744	7428333	3979142	1275471
SYST-MOR-0006853.bam	SYST-MOR-0006853	samtools 1.21	120672690	60867952	59804738	96715818	112987208	7685482	5384198	1744555
SYST-MOR-0006854.bam	SYST-MOR-0006854	samtools 1.21	79391630	40031676	39359954	65300820	74225854	5165776	3072202	952237
SYST-MOR-0006855.bam	SYST-MOR-0006855	samtools 1.21	85845257	43316069	42529188	68822336	80255960	5589297	4024778	1254545
SYST-MOR-0006856.bam	SYST-MOR-0006856	samtools 1.21	107944851	54548884	53395967	84965110	99824560	8120291	5157516	1546456
SYST-MOR-0006857.bam	SYST-MOR-0006857	samtools 1.21	77312810	38959473	38353337	63473422	71990726	5322084	3031834	936598
SYST-MOR-0006858.bam	SYST-MOR-0006858	samtools 1.21	92219667	46531252	45688415	72231146	85291664	6928003	4498404	1450530
SYST-MOR-0006859.bam	SYST-MOR-0006859	samtools 1.21	84562219	42708606	41853613	67578646	77833738	6728481	3825864	1129677
SYST-MOR-0006860.bam	SYST-MOR-0006860	samtools 1.21	103258299	52083643	51174656	81898816	95423680	7834619	4668414	1536972
SYST-MOR-0006861.bam	SYST-MOR-0006861	samtools 1.21	93495749	47171913	46323836	74841678	87389864	6105885	4004796	1319016
SRR23696575.bam	SRR23696575	samtools 1.21	41922891	21495427	20427464	9419016	31789746	10133145	8402434	1670451
SYST-MOR-0006862.bam	SYST-MOR-0006862	samtools 1.21	140143271	70654023	69489248	112901730	130324964	9818307	6063376	1954619
SYST-MOR-0006863.bam	SYST-MOR-0006863	samtools 1.21	114513412	57815819	56697593	90297252	106996446	7516966	5770770	1840026
SYST-MOR-0006864.bam	SYST-MOR-0006864	samtools 1.21	107682683	54326798	53355885	85525212	99874756	7807927	5065434	1480221
SYST-MOR-0006865.bam	SYST-MOR-0006865	samtools 1.21	101028988	50921372	50107616	82975784	93608454	7420534	4105106	1161063
SYST-MOR-0006866.bam	SYST-MOR-0006866	samtools 1.21	106709662	53840219	52869443	84413034	98841284	7868378	5139128	1682984
SYST-MOR-0006867.bam	SYST-MOR-0006867	samtools 1.21	105138066	53009749	52128317	85472352	96903596	8234470	4337420	1265997
SYST-MOR-0006868.bam	SYST-MOR-0006868	samtools 1.21	120954733	61105887	59848846	95599970	110820686	10134047	5642922	1666073
SYST-MOR-0006869.bam	SYST-MOR-0006869	samtools 1.21	153926603	77756781	76169822	122968204	142888088	11038515	6840332	2194663
SYST-MOR-0006870.bam	SYST-MOR-0006870	samtools 1.21	127808913	64494777	63314136	102302684	119432058	8376855	5894052	1864150
SYST-MOR-0006871.bam	SYST-MOR-0006871	samtools 1.21	135095432	68220794	66874638	106815378	125855804	9239628	6603626	2098173
SRR24768713.bam	SRR24768713	samtools 1.21	93796866	47450810	46346056	72609372	77258862	16538004	3133352	437550
SYST-MOR-0006872.bam	SYST-MOR-0006872	samtools 1.21	115591706	58363852	57227854	89957094	107392772	8198934	5877728	1945982
SYST-MOR-0006873.bam	SYST-MOR-0006873	samtools 1.21	97987329	49469778	48517551	76344418	90569062	7418267	4861714	1531465
SYST-MOR-0006874.bam	SYST-MOR-0006874	samtools 1.21	108284595	54598846	53685749	85603976	100155756	8128839	5131712	1596711
SYST-MOR-0006875.bam	SYST-MOR-0006875	samtools 1.21	84766379	42761732	42004647	66997296	78365250	6401129	3883164	1240284
SYST-MOR-0006876.bam	SYST-MOR-0006876	samtools 1.21	115708555	58250218	57458337	98553058	107793082	7915473	3507510	1050386
SYST-MOR-0006877.bam	SYST-MOR-0006877	samtools 1.21	115117304	58019279	57098025	90928318	107340844	7776460	5380992	1736750
SYST-MOR-0006878.bam	SYST-MOR-0006878	samtools 1.21	119480447	60133204	59347243	99142204	111878198	7602249	4418380	1386823
SYST-MOR-0006879.bam	SYST-MOR-0006879	samtools 1.21	114285290	57665293	56619997	91676012	106934380	7350910	4981454	1614644
SYST-MOR-0006880.bam	SYST-MOR-0006880	samtools 1.21	100431831	50702938	49728893	80126466	93332944	7098887	4593752	1447195
SYST-MOR-0006881.bam	SYST-MOR-0006881	samtools 1.21	100643589	50685513	49958076	81127512	93761450	6882139	4284770	1352901
SRR24768716.bam	SRR24768716	samtools 1.21	96025493	48641456	47384037	73409968	78996048	17029445	3665846	659651
SRR14632920.bam	SRR14632920	samtools 1.21	206951559	103752157	103199402	191342804	198546632	8404927	4038338	914616
SYST-MOR-0006882.bam	SYST-MOR-0006882	samtools 1.21	111853227	56445981	55407246	90043398	103644082	8209145	4957084	1511704
SYST-MOR-0006883.bam	SYST-MOR-0006883	samtools 1.21	78272840	39372602	38900238	65533322	73045070	5227770	2679942	814865
SYST-MOR-0006884.bam	SYST-MOR-0006884	samtools 1.21	87366670	43994134	43372536	72553164	81269582	6097088	3134426	978243
SYST-MOR-0006885.bam	SYST-MOR-0006885	samtools 1.21	113431952	57220369	56211583	88588448	105256390	8175562	5771736	1870453
SYST-MOR-0006886.bam	SYST-MOR-0006886	samtools 1.21	105991523	53404589	52586934	87564484	98657760	7333763	4029054	1186605
SYST-MOR-0006887.bam	SYST-MOR-0006887	samtools 1.21	97486584	49135167	48351417	78079922	90993872	6492712	4568432	1460146
SYST-MOR-0006888.bam	SYST-MOR-0006888	samtools 1.21	106840814	53921330	52919484	85444454	98930728	7910086	4751408	1403441
SYST-MOR-0006889.bam	SYST-MOR-0006889	samtools 1.21	131411429	66251214	65160215	104687818	122095028	9316401	5862552	1859709
SYST-MOR-0006890.bam	SYST-MOR-0006890	samtools 1.21	114530797	57835174	56695623	88375222	105597246	8933551	5897688	1885253
SYST-MOR-0006891.bam	SYST-MOR-0006891	samtools 1.21	76490397	38545328	37945069	61640092	70896470	5593927	3221064	1030951
SRR24768719.bam	SRR24768719	samtools 1.21	97736646	49542748	48193898	72651526	79656302	18080344	4246888	749804
SYST-MOR-0006892.bam	SYST-MOR-0006892	samtools 1.21	62031869	31191367	30840502	52133066	57763118	4268751	2099010	639229
SYST-MOR-0006893.bam	SYST-MOR-0006893	samtools 1.21	122616286	61876982	60739304	95962294	113593422	9022864	6094332	1943537
SYST-MOR-0006894.bam	SYST-MOR-0006894	samtools 1.21	78359713	39507954	38851759	63961410	73006548	5353165	3280728	1052842
SYST-MOR-0006895.bam	SYST-MOR-0006895	samtools 1.21	93554479	47252065	46302414	72961098	86685882	6868597	4854558	1533485
SYST-MOR-0006896.bam	SYST-MOR-0006896	samtools 1.21	89122150	44876782	44245368	73357734	83012642	6109508	3526298	1085892
SYST-MOR-0006897.bam	SYST-MOR-0006897	samtools 1.21	99646550	50322345	49324205	79154538	92351456	7295094	4629316	1469534
SYST-MOR-0006898.bam	SYST-MOR-0006898	samtools 1.21	96902826	48933543	47969283	76587082	89522518	7380308	4566562	1497431
SYST-MOR-0006899.bam	SYST-MOR-0006899	samtools 1.21	96563540	48647231	47916309	78067818	89575288	6988252	4035558	1262067
SYST-MOR-0006900.bam	SYST-MOR-0006900	samtools 1.21	108122287	54400262	53722025	87397394	100161134	7961153	4615960	1425805
SYST-MOR-0006901.bam	SYST-MOR-0006901	samtools 1.21	91854575	46367601	45486974	71716106	84815840	7038735	4656052	1557583
SRR24768723.bam	SRR24768723	samtools 1.21	97585681	49449243	48136438	69803740	78880002	18705679	5011918	844724
SYST-MOR-0006902.bam	SYST-MOR-0006902	samtools 1.21	94643889	47695811	46948078	77601198	87796178	6847711	3825782	1176703
SYST-MOR-0006903.bam	SYST-MOR-0006903	samtools 1.21	103649264	52248881	51400383	84539364	96331618	7317646	4248356	1346297
SYST-MOR-0006904.bam	SYST-MOR-0006904	samtools 1.21	73648890	37140998	36507892	60345546	68527074	5121816	2893304	905549
SYST-MOR-0006905.bam	SYST-MOR-0006905	samtools 1.21	94814110	47922017	46892093	77303878	87721012	7093098	3815584	1158099
SYST-MOR-0006906.bam	SYST-MOR-0006906	samtools 1.21	81793428	41162257	40631171	68923346	76127774	5665654	2698298	843321
SYST-MOR-0006907.bam	SYST-MOR-0006907	samtools 1.21	85858218	43238208	42620010	70854722	79770104	6088114	3296754	976576
SYST-MOR-0006908.bam	SYST-MOR-0006908	samtools 1.21	92532510	46461213	46071297	83845656	87595172	4937338	1512392	434813
SYST-MOR-0006909.bam	SYST-MOR-0006909	samtools 1.21	79692039	40098861	39593178	68344862	74473972	5218067	2315554	700764
SYST-MOR-0006910.bam	SYST-MOR-0006910	samtools 1.21	76784736	38707017	38077719	63613070	71253114	5531622	2795680	889045
SYST-MOR-0006911.bam	SYST-MOR-0006911	samtools 1.21	93963914	47289272	46674642	76572194	87272078	6691836	3756990	1168016
SRR24768728.bam	SRR24768728	samtools 1.21	94364225	47834931	46529294	66219248	75920428	18443797	5027278	870237
SYST-MOR-0006912.bam	SYST-MOR-0006912	samtools 1.21	82976035	41908550	41067485	65726030	76658092	6317943	3841960	1220044
SYST-MOR-0006913.bam	SYST-MOR-0006913	samtools 1.21	78884432	39715015	39169417	65851110	73182830	5701602	2858428	917531
SYST-MOR-0006914.bam	SYST-MOR-0006914	samtools 1.21	61220803	30813237	30407566	52025644	56937746	4283057	1866996	567556
SYST-MOR-0006915.bam	SYST-MOR-0006915	samtools 1.21	46648366	23484167	23164199	39447880	43361610	3286756	1469850	447810
SYST-MOR-0006916.bam	SYST-MOR-0006916	samtools 1.21	86449748	43519216	42930532	69031670	79889266	6560482	3885644	1208785
SYST-MOR-0006917.bam	SYST-MOR-0006917	samtools 1.21	73764212	37153624	36610588	60933754	68747550	5016662	2730892	858263
SYST-MOR-0006918.bam	SYST-MOR-0006918	samtools 1.21	85600569	43167299	42433270	69310282	79148020	6452549	3463334	1039096
SYST-MOR-0006919.bam	SYST-MOR-0006919	samtools 1.21	85231102	42944767	42286335	69053698	79061134	6169968	3436350	1059992
SYST-MOR-0006920.bam	SYST-MOR-0006920	samtools 1.21	82435202	41624168	40811034	65352448	76217574	6217628	3667940	1155541
SYST-MOR-0006921.bam	SYST-MOR-0006921	samtools 1.21	97462657	49046138	48416519	84007970	90792118	6670539	2566126	727036
SRR24768736.bam	SRR24768736	samtools 1.21	95548326	48266818	47281508	72778562	78161748	17386578	3428456	498868
SYST-MOR-0006922.bam	SYST-MOR-0006922	samtools 1.21	75905599	38186483	37719116	62216272	70582092	5323507	2965366	913292
SYST-MOR-0006923.bam	SYST-MOR-0006923	samtools 1.21	88003933	44325597	43678336	74130792	82004534	5999399	2815568	856027
SYST-MOR-0006924.bam	SYST-MOR-0006924	samtools 1.21	76064683	38297539	37767144	63865806	70807310	5257373	2476566	760913
SYST-MOR-0006925.bam	SYST-MOR-0006925	samtools 1.21	141596149	71408987	70187162	115009704	131138576	10457573	5596850	1699387
SYST-MOR-0006926.bam	SYST-MOR-0006926	samtools 1.21	74010776	37467372	36543404	59281806	68427176	5583600	3023216	950200
SYST-MOR-0006927.bam	SYST-MOR-0006927	samtools 1.21	87379024	44119708	43259316	69506802	80574078	6804946	3872780	1167806
SYST-MOR-0006928.bam	SYST-MOR-0006928	samtools 1.21	90391410	45591418	44799992	71762428	83697834	6693576	4000656	1299338
SYST-MOR-0006929.bam	SYST-MOR-0006929	samtools 1.21	78463976	39600055	38863921	61536322	72324866	6139110	3811818	1219728
SYST-MOR-0006930.bam	SYST-MOR-0006930	samtools 1.21	85515871	43054189	42461682	72002290	79509790	6006081	2819470	869165
SYST-MOR-0006931.bam	SYST-MOR-0006931	samtools 1.21	98506539	49605262	48901277	83028598	91548402	6958137	3184612	993999
SRR24768744.bam	SRR24768744	samtools 1.21	93960215	47719688	46240527	73087104	77437702	16522513	2911064	417827
SYST-MOR-0006932.bam	SYST-MOR-0006932	samtools 1.21	94870393	47802055	47068338	78109078	88061876	6808517	3526634	1108873
SYST-MOR-0006933.bam	SYST-MOR-0006933	samtools 1.21	127044186	64136351	62907835	101601506	117687342	9356844	5599650	1740311
SYST-MOR-0006934.bam	SYST-MOR-0006934	samtools 1.21	112293798	56693107	55600691	89181024	103966756	8327042	5174916	1621594
SYST-MOR-0006935.bam	SYST-MOR-0006935	samtools 1.21	100988014	50871395	50116619	82621482	93873884	7114130	3990220	1252470
SYST-MOR-0006936.bam	SYST-MOR-0006936	samtools 1.21	85529782	43159343	42370439	67200608	79042642	6487140	4085990	1292652
SYST-MOR-0006937.bam	SYST-MOR-0006937	samtools 1.21	72392162	36477517	35914645	58731314	67135776	5256386	2915248	944361
SYST-MOR-0006938.bam	SYST-MOR-0006938	samtools 1.21	79624567	40011429	39613138	67995438	74398256	5226311	2358064	730741
SYST-MOR-0006939.bam	SYST-MOR-0006939	samtools 1.21	68869380	34666448	34202932	57710082	64163522	4705858	2328650	729077
SYST-MOR-0006940.bam	SYST-MOR-0006940	samtools 1.21	84831632	42745682	42085950	70647760	79017188	5814444	2934596	944162
SYST-MOR-0006941.bam	SYST-MOR-0006941	samtools 1.21	95927507	48373256	47554251	78174882	89663588	6263919	3912672	1258040
SRR24768754.bam	SRR24768754	samtools 1.21	95816261	48530975	47285286	72018096	78341798	17474463	3840500	646235
SYST-MOR-0006942.bam	SYST-MOR-0006942	samtools 1.21	105767129	53394768	52372361	84291712	98348498	7418631	4873742	1586585
SYST-MOR-0006943.bam	SYST-MOR-0006943	samtools 1.21	98224231	49482509	48741722	78408500	91567308	6656923	4564240	1501663
SYST-MOR-0006944.bam	SYST-MOR-0006944	samtools 1.21	91324538	45877850	45446688	76464292	85289038	6035500	3172466	1003439
SYST-MOR-0006945.bam	SYST-MOR-0006945	samtools 1.21	72203214	36327207	35876007	58993336	67184770	5018444	2913398	916538
SYST-MOR-0006946.bam	SYST-MOR-0006946	samtools 1.21	82168878	41407609	40761269	67982282	76529804	5639074	2961970	937006
SYST-MOR-0006947.bam	SYST-MOR-0006947	samtools 1.21	89362590	44990499	44372091	75665976	83506752	5855838	2881352	869822
SYST-MOR-0006948.bam	SYST-MOR-0006948	samtools 1.21	75139647	37775930	37363717	64326802	70234628	4905019	2199886	684237
SYST-MOR-0006949.bam	SYST-MOR-0006949	samtools 1.21	108200474	54495901	53704573	89387492	101510370	6690104	4152838	1308061
SYST-MOR-0006950.bam	SYST-MOR-0006950	samtools 1.21	94230089	47522691	46707398	75796758	88240698	5989391	4319832	1312922
SYST-MOR-0006951.bam	SYST-MOR-0006951	samtools 1.21	114076919	57602048	56474871	95537776	106763092	7313827	3953714	1187600
SRR24768763.bam	SRR24768763	samtools 1.21	94953786	48062720	46891066	71523340	77687390	17266396	3820836	614316
SYST-MOR-0006952.bam	SYST-MOR-0006952	samtools 1.21	93643585	47292817	46350768	73652918	86934490	6709095	4591974	1484504
SYST-MOR-0006953.bam	SYST-MOR-0006953	samtools 1.21	87647967	44108277	43539690	74956066	81953080	5694887	2546928	812727
SYST-MOR-0006954.bam	SYST-MOR-0006954	samtools 1.21	83401642	41893389	41508253	70289552	77944196	5457446	2834824	879386
SYST-MOR-0006955.bam	SYST-MOR-0006955	samtools 1.21	94365133	47504064	46861069	78324426	87796752	6568381	3448632	1058465
SYST-MOR-0006956.bam	SYST-MOR-0006956	samtools 1.21	100707737	50559167	50148570	89981880	95041584	5666153	1996368	591098
SYST-MOR-0006957.bam	SYST-MOR-0006957	samtools 1.21	79648895	40218897	39429998	65752128	74582694	5066201	3152250	964484
SYST-MOR-0006958.bam	SYST-MOR-0006958	samtools 1.21	106036305	53422592	52613713	88356260	99433014	6603291	3827354	1262797
SYST-MOR-0006959.bam	SYST-MOR-0006959	samtools 1.21	105068716	52849797	52218919	86796134	98643052	6425664	4220856	1325702
SYST-MOR-0006960.bam	SYST-MOR-0006960	samtools 1.21	105412248	53078609	52333639	86791626	98774030	6638218	4144570	1321545
SYST-MOR-0006961.bam	SYST-MOR-0006961	samtools 1.21	102193055	51481239	50711816	84583924	95081780	7111275	3813560	1231877
SRR26194535.bam	SRR26194535	samtools 1.21	169044679	85713587	83331092	137602090	155041764	14002915	6274726	1906864
SYST-MOR-0006962.bam	SYST-MOR-0006962	samtools 1.21	93003053	46796830	46206223	79932810	86875722	6127331	2615932	805819
SYST-MOR-0006963.bam	SYST-MOR-0006963	samtools 1.21	79635037	40090148	39544889	66949438	74305120	5329917	2628958	841640
SYST-MOR-0006964.bam	SYST-MOR-0006964	samtools 1.21	94930770	47779666	47151104	80166612	88638012	6292758	3051480	996116
SYST-MOR-0006965.bam	SYST-MOR-0006965	samtools 1.21	89254700	44964679	44290021	73866546	83662648	5592052	3400702	1127177
SYST-MOR-0006966.bam	SYST-MOR-0006966	samtools 1.21	103391904	52083121	51308783	83009134	96947776	6444128	4582248	1526108
SYST-MOR-0006967.bam	SYST-MOR-0006967	samtools 1.21	126561274	63797021	62764253	103146650	118501794	8059480	5255116	1661839
SYST-MOR-0006968.bam	SYST-MOR-0006968	samtools 1.21	80331499	40523288	39808211	64548474	74790696	5540803	3628022	1190037
SYST-MOR-0006969.bam	SYST-MOR-0006969	samtools 1.21	101197695	50961243	50236452	82992698	94358434	6839261	3946770	1253110
SYST-MOR-0006970.bam	SYST-MOR-0006970	samtools 1.21	88922609	44725155	44197454	76758486	83122234	5800375	2415376	708757
SYST-MOR-0006971.bam	SYST-MOR-0006971	samtools 1.21	96398884	48602453	47796431	83932410	89900008	6498876	2300298	641769
SRR26194536.bam	SRR26194536	samtools 1.21	123081547	62208676	60872871	100598720	112879980	10201567	4554336	1389760
SYST-MOR-0006972.bam	SYST-MOR-0006972	samtools 1.21	94292092	47385996	46906096	82899882	88486866	5805226	2195906	648148
SYST-MOR-0006973.bam	SYST-MOR-0006973	samtools 1.21	79371979	39944743	39427236	64399082	74316022	5055957	3371104	1093274
SYST-MOR-0006974.bam	SYST-MOR-0006974	samtools 1.21	97137351	49027852	48109499	77769126	90699258	6438093	4465534	1436309
SYST-MOR-0006975.bam	SYST-MOR-0006975	samtools 1.21	117486471	59169022	58317449	95669844	110178698	7307773	5027772	1567066
SYST-MOR-0006976.bam	SYST-MOR-0006976	samtools 1.21	75701847	38182037	37519810	61232626	70830316	4871531	3214778	1032440
SYST-MOR-0006977.bam	SYST-MOR-0006977	samtools 1.21	71557766	36076968	35480798	58292768	66617808	4939958	3066854	914987
SYST-MOR-0006978.bam	SYST-MOR-0006978	samtools 1.21	80046147	40273392	39772755	68871708	74874452	5171695	2176340	676341
SYST-MOR-0006979.bam	SYST-MOR-0006979	samtools 1.21	117100798	59101285	57999513	96580980	108751536	8349262	4409670	1360082
SYST-MOR-0006980.bam	SYST-MOR-0006980	samtools 1.21	105789958	53159888	52630070	94877248	99832796	5957162	1989208	568018
SYST-MOR-0006981.bam	SYST-MOR-0006981	samtools 1.21	84567103	42574609	41992494	71110676	79563202	5003901	3086876	926226
SRR26194538.bam	SRR26194538	samtools 1.21	202230620	102908956	99321664	162269914	183233646	18996974	7998538	2187166
SRR14632922.bam	SRR14632922	samtools 1.21	111477107	56360681	55116426	89030102	103618280	7858827	7397606	2199534
SYST-MOR-0006982.bam	SYST-MOR-0006982	samtools 1.21	80340678	40461898	39878780	66388950	75626600	4714078	3039922	1008690
SYST-MOR-0006983.bam	SYST-MOR-0006983	samtools 1.21	104962297	52971048	51991249	84397546	97888948	7073349	4576380	1478023
SYST-MOR-0006984.bam	SYST-MOR-0006984	samtools 1.21	88506046	44651711	43854335	70895096	82439344	6066702	3965442	1255068
SYST-MOR-0006985.bam	SYST-MOR-0006985	samtools 1.21	84069814	42443950	41625864	67724028	77707456	6362358	3584954	1130658
SYST-MOR-0006986.bam	SYST-MOR-0006986	samtools 1.21	96099805	48490481	47609324	77094644	88927766	7172039	4161392	1333490
SYST-MOR-0006987.bam	SYST-MOR-0006987	samtools 1.21	85180354	42875293	42305061	70881454	79089258	6091096	3016340	953843
SYST-MOR-0006988.bam	SYST-MOR-0006988	samtools 1.21	69489560	34898006	34591554	63288360	65617318	3872242	1033658	289173
SYST-MOR-0006989.bam	SYST-MOR-0006989	samtools 1.21	83485371	41997296	41488075	69530938	78115002	5370369	3021480	954209
SYST-MOR-0006990.bam	SYST-MOR-0006990	samtools 1.21	102056681	51682299	50374382	82471762	94811944	7244737	4292238	1346904
SYST-MOR-0006991.bam	SYST-MOR-0006991	samtools 1.21	77238173	38816038	38422135	64920054	72318300	4919873	2559378	822974
SRR26194539.bam	SRR26194539	samtools 1.21	122803805	62265688	60538117	99056520	112159144	10644661	4759548	1419390
SYST-MOR-0006992.bam	SYST-MOR-0006992	samtools 1.21	90642241	45704109	44938132	74858360	84360618	6281623	3201120	1044754
SYST-MOR-0006993.bam	SYST-MOR-0006993	samtools 1.21	81597254	41086635	40510619	68436222	76193098	5404156	2724548	870256
SYST-MOR-0006994.bam	SYST-MOR-0006994	samtools 1.21	86328423	43551821	42776602	72734424	80131718	6196705	2702812	811768
SYST-MOR-0006995.bam	SYST-MOR-0006995	samtools 1.21	84122764	42291084	41831680	70541194	78209484	5913280	2756366	870450
SYST-MOR-0006996.bam	SYST-MOR-0006996	samtools 1.21	93756453	47145159	46611294	82546046	87952456	5803997	2076998	612578
SYST-MOR-0006997.bam	SYST-MOR-0006997	samtools 1.21	106302704	53573561	52729143	86751564	98836350	7466354	4211428	1303164
SYST-MOR-0006998.bam	SYST-MOR-0006998	samtools 1.21	82976929	41811353	41165576	68119954	77353498	5623431	3210858	990559
SYST-MOR-0006999.bam	SYST-MOR-0006999	samtools 1.21	102791944	51707827	51084117	88419820	96202626	6589318	2927674	875864
SYST-MOR-0007000.bam	SYST-MOR-0007000	samtools 1.21	86510256	43606231	42904025	71231918	80567608	5942648	3278724	1028535
SYST-MOR-0007001.bam	SYST-MOR-0007001	samtools 1.21	87298487	43946824	43351663	72408280	81268638	6029849	3238340	993162
SRR26194547.bam	SRR26194547	samtools 1.21	123847059	62782997	61064062	100495092	113169110	10677949	4676158	1362538
SYST-MOR-0007002.bam	SYST-MOR-0007002	samtools 1.21	88764052	44654831	44109221	73364324	82533030	6231022	3296864	1016734
SYST-MOR-0007003.bam	SYST-MOR-0007003	samtools 1.21	110438255	55609951	54828304	92056508	102860600	7577655	3953264	1204926
SYST-MOR-0007004.bam	SYST-MOR-0007004	samtools 1.21	195812226	98497575	97314651	170631022	183096196	12716030	4864762	1398539
SYST-MOR-0007005.bam	SYST-MOR-0007005	samtools 1.21	198001186	100115183	97886003	153975776	183033292	14967894	9876300	3110159
SYST-MOR-0007006.bam	SYST-MOR-0007006	samtools 1.21	108345063	54579710	53765353	90088244	100593894	7751169	3846790	1147067
SYST-MOR-0007007.bam	SYST-MOR-0007007	samtools 1.21	118122978	59606826	58516152	95643116	109349762	8773216	4753436	1491399
SYST-MOR-0007008.bam	SYST-MOR-0007008	samtools 1.21	93624144	47082144	46542000	78343630	86995452	6628692	3130300	951576
SYST-MOR-0007009.bam	SYST-MOR-0007009	samtools 1.21	87480310	44050949	43429361	73591374	81532764	5947546	2816996	879476
SYST-MOR-0007010.bam	SYST-MOR-0007010	samtools 1.21	105799073	53255200	52543873	88817894	98231546	7567527	3468954	1050299
SYST-MOR-0007011.bam	SYST-MOR-0007011	samtools 1.21	109594042	55156065	54437977	93482418	102139808	7454234	3182714	1003084
SRR26194558.bam	SRR26194558	samtools 1.21	94726506	47956214	46770292	77458320	87003172	7723334	3433290	1039595
SYST-MOR-0007012.bam	SYST-MOR-0007012	samtools 1.21	106499126	53662653	52836473	88381352	98754546	7744580	3804302	1144360
SYST-MOR-0007013.bam	SYST-MOR-0007013	samtools 1.21	97497462	49190817	48306645	80303614	90618902	6878560	3556236	1098319
SYST-MOR-0007014.bam	SYST-MOR-0007014	samtools 1.21	139018425	70258900	68759525	99476884	128084756	10933669	9476880	3101144
SYST-MOR-0007015.bam	SYST-MOR-0007015	samtools 1.21	108964532	54992027	53972505	87129082	100527764	8436768	4865044	1512581
SYST-MOR-0007016.bam	SYST-MOR-0007016	samtools 1.21	104381421	52664396	51717025	83749940	96483796	7897625	4547632	1419355
SYST-MOR-0007017.bam	SYST-MOR-0007017	samtools 1.21	99149282	50014198	49135084	80023048	91628572	7520710	4111156	1301245
SYST-MOR-0007018.bam	SYST-MOR-0007018	samtools 1.21	103108437	51997606	51110831	82412850	95288454	7819983	4560496	1425333
SYST-MOR-0007019.bam	SYST-MOR-0007019	samtools 1.21	107551428	54197503	53353925	89144236	99108952	8442476	3753370	1058101
SYST-MOR-0007020.bam	SYST-MOR-0007020	samtools 1.21	148054387	74464090	73590297	123394588	137512812	10541575	5137322	1628046
SYST-MOR-0007021.bam	SYST-MOR-0007021	samtools 1.21	109316233	55136575	54179658	89522146	101468404	7847829	4229024	1327742
SRR26194559.bam	SRR26194559	samtools 1.21	154506559	78180168	76326391	124644368	142052844	12453715	6299992	1952363
SYST-MOR-0007022.bam	SYST-MOR-0007022	samtools 1.21	113487851	57199824	56288027	93771280	105478678	8009173	4218800	1274871
SYST-MOR-0007023.bam	SYST-MOR-0007023	samtools 1.21	112933340	56872503	56060837	92112662	104815240	8118100	4510156	1491418
SYST-MOR-0007024.bam	SYST-MOR-0007024	samtools 1.21	115941842	58443914	57497928	94153646	107409060	8532782	4656328	1488406
SYST-MOR-0007025.bam	SYST-MOR-0007025	samtools 1.21	83587728	42215811	41371917	66038582	77013304	6574424	3867062	1249884
SYST-MOR-0007026.bam	SYST-MOR-0007026	samtools 1.21	106854265	53928315	52925950	86437480	98155554	8698711	4290344	1270573
SYST-MOR-0007027.bam	SYST-MOR-0007027	samtools 1.21	82597619	41790598	40807021	68494168	75824106	6773513	2652364	742457
SYST-MOR-0007028.bam	SYST-MOR-0007028	samtools 1.21	99423137	50065208	49357929	84255436	91959564	7463573	2944264	827926
SYST-MOR-0007029.bam	SYST-MOR-0007029	samtools 1.21	115162230	58004753	57157477	95598448	106807444	8354786	4054126	1201304
SYST-MOR-0007030.bam	SYST-MOR-0007030	samtools 1.21	98326915	49519590	48807325	82723504	91838748	6488167	3131522	993325
SYST-MOR-0007031.bam	SYST-MOR-0007031	samtools 1.21	135907821	68497481	67410340	112912034	126670114	9237707	4786494	1479217
SRR3244044.bam	SRR3244044	samtools 1.21	188676100	98832689	89843411	88842092	162499500	26176600	17096680	5014476
SYST-MOR-0007032.bam	SYST-MOR-0007032	samtools 1.21	160250735	80760541	79490194	133318412	149247184	11003551	5714956	1764083
SYST-MOR-0007033.bam	SYST-MOR-0007033	samtools 1.21	95878463	48276103	47602360	79632334	89338414	6540049	3434806	1066952
SYST-MOR-0007034.bam	SYST-MOR-0007034	samtools 1.21	100351506	50540198	49811308	83697870	93545334	6806172	3417640	1054824
SYST-MOR-0007035.bam	SYST-MOR-0007035	samtools 1.21	110091291	55580057	54511234	87041026	101494560	8596731	5224530	1709869
SYST-MOR-0007036.bam	SYST-MOR-0007036	samtools 1.21	94612640	47767792	46844848	76863106	87371380	7241260	3710680	1189235
SYST-MOR-0007037.bam	SYST-MOR-0007037	samtools 1.21	109959424	55368545	54590879	90347200	103248818	6710606	4427128	1405990
SYST-MOR-0007038.bam	SYST-MOR-0007038	samtools 1.21	82079852	41425220	40654632	68143062	76670954	5408898	3049360	959219
SYST-MOR-0007039.bam	SYST-MOR-0007039	samtools 1.21	93347154	47122811	46224343	74253706	86665752	6681402	4436776	1399965
SYST-MOR-0007040.bam	SYST-MOR-0007040	samtools 1.21	85307010	42992199	42314811	70570834	79407764	5899246	3289416	1065305
SYST-MOR-0007041.bam	SYST-MOR-0007041	samtools 1.21	103538270	52233571	51304699	82510354	95629778	7908492	4599352	1492134
SYST-MOR-0006717.bam	SYST-MOR-0006717	samtools 1.21	102238450	51611123	50627327	81886338	94659696	7578754	4464554	1367603
SYST-MOR-0007042.bam	SYST-MOR-0007042	samtools 1.21	79100707	39881296	39219411	64695020	73315478	5785229	3089774	998557
SYST-MOR-0007043.bam	SYST-MOR-0007043	samtools 1.21	99376514	50127703	49248811	80043118	91877612	7498902	4276726	1345857
SYST-MOR-0007044.bam	SYST-MOR-0007044	samtools 1.21	115885936	58385831	57500105	96623748	107655168	8230768	4065270	1283678
SYST-MOR-0007045.bam	SYST-MOR-0007045	samtools 1.21	83414679	42053208	41361471	68633050	78267220	5147459	3388534	1094513
SYST-MOR-0007046.bam	SYST-MOR-0007046	samtools 1.21	123912964	62554432	61358532	98837750	114848686	9064278	5660506	1820375
SYST-MOR-0007047.bam	SYST-MOR-0007047	samtools 1.21	75261937	37933399	37328538	61239638	70466070	4795867	3241870	1062837
SYST-MOR-0007048.bam	SYST-MOR-0007048	samtools 1.21	89077523	44877121	44200402	73712174	83410574	5666949	3460152	1139067
SYST-MOR-0007049.bam	SYST-MOR-0007049	samtools 1.21	90253755	45448246	44805509	74949964	83992354	6261401	3255846	1033233
SYST-MOR-0007050.bam	SYST-MOR-0007050	samtools 1.21	86894034	43838105	43055929	69894944	80379892	6514142	3783338	1178336
SYST-MOR-0007051.bam	SYST-MOR-0007051	samtools 1.21	136476556	68814899	67661657	108951150	126394356	10082200	5922036	1928902
SYST-MOR-0006718.bam	SYST-MOR-0006718	samtools 1.21	84371277	42523751	41847526	70202188	78599212	5772065	3005316	918218
SYST-MOR-0007052.bam	SYST-MOR-0007052	samtools 1.21	125341528	62971382	62370146	113270792	118193410	7148118	2047010	568585
SYST-MOR-0007053.bam	SYST-MOR-0007053	samtools 1.21	123988063	62501534	61486529	99925188	115910370	8077693	5307204	1757721
SYST-MOR-0007054.bam	SYST-MOR-0007054	samtools 1.21	106607195	53597387	53009808	89426712	100561048	6046147	3741456	1211996
SYST-MOR-0007055.bam	SYST-MOR-0007055	samtools 1.21	117056152	59010807	58045345	95679086	109636938	7419214	4815332	1534298
SYST-MOR-0007056.bam	SYST-MOR-0007056	samtools 1.21	93495423	47141269	46354154	76810778	87321340	6174083	3676152	1237950
SYST-MOR-0007057.bam	SYST-MOR-0007057	samtools 1.21	83750147	42192718	41557429	69498862	77844462	5905685	2982966	934922
SYST-MOR-0007058.bam	SYST-MOR-0007058	samtools 1.21	87922036	44264582	43657454	71153996	81728470	6193566	3638566	1197702
SYST-MOR-0007059.bam	SYST-MOR-0007059	samtools 1.21	90840351	45690769	45149582	77890016	84635952	6204399	2590086	796027
SYST-MOR-0007060.bam	SYST-MOR-0007060	samtools 1.21	100370842	50443214	49927628	89278108	94440432	5930410	2066310	600558
SYST-MOR-0007061.bam	SYST-MOR-0007061	samtools 1.21	118275480	59503741	58771739	98122172	111490956	6784524	4547078	1523217
SYST-MOR-0006719.bam	SYST-MOR-0006719	samtools 1.21	98182135	49510870	48671265	79012916	91202912	6979223	4319936	1314143
SYST-MOR-0007062.bam	SYST-MOR-0007062	samtools 1.21	111122182	55957214	55164968	91638194	103768386	7353796	4222606	1364473
SYST-MOR-0007063.bam	SYST-MOR-0007063	samtools 1.21	97294140	49070968	48223172	77690410	90806064	6488076	4414534	1428951
SYST-MOR-0007064.bam	SYST-MOR-0007064	samtools 1.21	124836868	62868445	61968423	99961290	116393190	8443678	5529790	1819139
SYST-MOR-0007065.bam	SYST-MOR-0007065	samtools 1.21	105195455	53060907	52134548	84200006	97466546	7728909	4547660	1464721
SYST-MOR-0007066.bam	SYST-MOR-0007066	samtools 1.21	71733770	36186508	35547262	58257406	66568668	5165102	2955934	923701
SYST-MOR-0007067.bam	SYST-MOR-0007067	samtools 1.21	88004298	44361732	43642566	71358458	81601110	6403188	3659940	1191047
SYST-MOR-0007068.bam	SYST-MOR-0007068	samtools 1.21	102161375	51347286	50814089	90774180	96044390	6116985	2060352	618126
SYST-MOR-0007069.bam	SYST-MOR-0007069	samtools 1.21	106472246	53671885	52800361	86146854	99793870	6678376	4689828	1517307
SYST-MOR-0007070.bam	SYST-MOR-0007070	samtools 1.21	72534549	36514182	36020367	60702614	67713800	4820749	2508328	784964
SYST-MOR-0007071.bam	SYST-MOR-0007071	samtools 1.21	121801886	61360803	60441083	101146316	114555902	7245984	4636860	1531614
SYST-MOR-0006720.bam	SYST-MOR-0006720	samtools 1.21	86868788	43827161	43041627	70732728	80050560	6818228	3832796	1032624
SYST-MOR-0007072.bam	SYST-MOR-0007072	samtools 1.21	82971220	41852357	41118863	66547336	77246128	5725092	3701710	1246300
SYST-MOR-0007073.bam	SYST-MOR-0007073	samtools 1.21	106261604	53586143	52675461	86068830	98800680	7460924	4566372	1397950
SYST-MOR-0007074.bam	SYST-MOR-0007074	samtools 1.21	99698968	50258989	49439979	82696446	92728176	6970792	3663598	1170674
SYST-MOR-0007075.bam	SYST-MOR-0007075	samtools 1.21	80637385	40599503	40037882	69570436	75316824	5320561	2179994	686589
SYST-MOR-0007076.bam	SYST-MOR-0007076	samtools 1.21	112969458	56737894	56231564	101850372	106609544	6359914	1972468	564557
SYST-MOR-0007077.bam	SYST-MOR-0007077	samtools 1.21	87197945	43946691	43251254	72368854	81734500	5463445	3228490	1079909
SYST-MOR-0007078.bam	SYST-MOR-0007078	samtools 1.21	96472586	48661792	47810794	78240160	90179662	6292924	4079786	1395920
SYST-MOR-0007079.bam	SYST-MOR-0007079	samtools 1.21	111253727	56052172	55201555	91532018	103969526	7284201	4179102	1355567
SYST-MOR-0007080.bam	SYST-MOR-0007080	samtools 1.21	84539826	42706119	41833707	66100598	78322548	6217278	4072266	1342452
SYST-MOR-0007081.bam	SYST-MOR-0007081	samtools 1.21	106145434	53544749	52600685	85625594	98596216	7549218	4652014	1543767
SYST-MOR-0006721.bam	SYST-MOR-0006721	samtools 1.21	81234203	40982819	40251384	66468694	75236432	5997771	3227442	953176
SRR14632924.bam	SRR14632924	samtools 1.21	242486442	122715059	119771383	191710096	224897456	17588986	17120684	4662806
SYST-MOR-0007082.bam	SYST-MOR-0007082	samtools 1.21	188453882	94930130	93523752	155968786	175023414	13430468	6857630	2223335
SYST-MOR-0007083.bam	SYST-MOR-0007083	samtools 1.21	86053991	43359982	42694009	69211388	79611220	6442771	3736334	1182048
SYST-MOR-0007084.bam	SYST-MOR-0007084	samtools 1.21	75938143	38132573	37805570	67990274	71625144	4312999	1453458	425801
SYST-MOR-0007085.bam	SYST-MOR-0007085	samtools 1.21	80209685	40428445	39781240	66170472	74778782	5430903	3064518	983894
SYST-MOR-0007086.bam	SYST-MOR-0007086	samtools 1.21	89050457	44940959	44109498	71622444	82881368	6169089	3962852	1257870
SYST-MOR-0007087.bam	SYST-MOR-0007087	samtools 1.21	99478842	50121928	49356914	82036148	92698064	6780778	3700040	1193833
SYST-MOR-0007088.bam	SYST-MOR-0007088	samtools 1.21	112433750	56655231	55778519	92859266	104706344	7727406	4193074	1316860
SYST-MOR-0007089.bam	SYST-MOR-0007089	samtools 1.21	85556967	43182721	42374246	68326996	79378480	6178487	3840340	1256260
SYST-MOR-0007090.bam	SYST-MOR-0007090	samtools 1.21	102653083	51669990	50983093	84821974	95648690	7004393	3954090	1355896
SYST-MOR-0007091.bam	SYST-MOR-0007091	samtools 1.21	94296161	47502677	46793484	77885156	87688008	6608153	3446648	1095965
SYST-MOR-0006722.bam	SYST-MOR-0006722	samtools 1.21	85359147	42918685	42440462	73481434	79758846	5600301	2508872	718689
SYST-MOR-0007092.bam	SYST-MOR-0007092	samtools 1.21	98795662	49691517	49104145	85762126	92609840	6185822	2633486	826744
SYST-MOR-0007093.bam	SYST-MOR-0007093	samtools 1.21	82714996	41549980	41165016	72094364	77626736	5088260	2114212	651638
SYST-MOR-0007094.bam	SYST-MOR-0007094	samtools 1.21	111682683	56461202	55221481	82137862	102794286	8888397	6882040	2321491
SYST-MOR-0007095.bam	SYST-MOR-0007095	samtools 1.21	86588238	43528642	43059596	71734716	80830440	5757798	3238912	1049008
SYST-MOR-0007096.bam	SYST-MOR-0007096	samtools 1.21	73899142	37258435	36640707	60784214	68604020	5295122	2837456	894687
SYST-MOR-0007097.bam	SYST-MOR-0007097	samtools 1.21	106981227	53849596	53131631	90473958	99664868	7316359	3320252	1038365
SYST-MOR-0007098.bam	SYST-MOR-0007098	samtools 1.21	84783199	42651214	42131985	73448810	79103990	5679209	2212956	666510
SYST-MOR-0007099.bam	SYST-MOR-0007099	samtools 1.21	97282400	48936190	48346210	83406342	90858862	6423538	2861100	904142
SYST-MOR-0007100.bam	SYST-MOR-0007100	samtools 1.21	59328854	29876336	29452518	47975094	54967118	4361736	2590088	849717
SYST-MOR-0007101.bam	SYST-MOR-0007101	samtools 1.21	92894005	46682389	46211616	84033754	87483666	5410339	1487798	416752
SYST-MOR-0006723.bam	SYST-MOR-0006723	samtools 1.21	100814952	50767132	50047820	83953048	93798320	7016632	3693878	1111548
SYST-MOR-0007102.bam	SYST-MOR-0007102	samtools 1.21	126574517	63708744	62865773	108442200	118080236	8494281	3673150	1152308
SYST-MOR-0007103.bam	SYST-MOR-0007103	samtools 1.21	155112569	78036400	77076169	132031780	144883854	10228715	4677876	1471885
SYST-MOR-0007104.bam	SYST-MOR-0007104	samtools 1.21	73429429	36970852	36458577	61625724	68308264	5121165	2595508	803542
SYST-MOR-0007105.bam	SYST-MOR-0007105	samtools 1.21	86365405	43473172	42892233	74903322	80642108	5723297	2217730	670925
SYST-MOR-0007106.bam	SYST-MOR-0007106	samtools 1.21	80143268	40355877	39787391	65762914	74147620	5995648	3081142	982061
SYST-MOR-0007107.bam	SYST-MOR-0007107	samtools 1.21	108226893	54549271	53677622	87386978	99963454	8263439	4556198	1462039
SYST-MOR-0007108.bam	SYST-MOR-0007108	samtools 1.21	101305838	50988104	50317734	86801450	94253168	7052670	2911054	884797
SYST-MOR-0007109.bam	SYST-MOR-0007109	samtools 1.21	108400769	54606443	53794326	91439598	101088066	7312703	3458656	1109204
SYST-MOR-0007110.bam	SYST-MOR-0007110	samtools 1.21	85285927	42969116	42316811	69992856	79009232	6276695	3378906	1047474
SYST-MOR-0007111.bam	SYST-MOR-0007111	samtools 1.21	80975415	40742214	40233201	66973002	75014928	5960487	2982966	967566
SYST-MOR-0006724.bam	SYST-MOR-0006724	samtools 1.21	108634713	54669493	53965220	93076008	101232692	7402021	3224988	931587
SYST-MOR-0007112.bam	SYST-MOR-0007112	samtools 1.21	66368936	33438044	32930892	53867596	61529986	4838950	2690642	865080
SYST-MOR-0007113.bam	SYST-MOR-0007113	samtools 1.21	82056663	41293878	40762785	69133556	76335852	5720811	2692676	823835
SYST-MOR-0007114.bam	SYST-MOR-0007114	samtools 1.21	86206391	43471986	42734405	71076200	79974670	6231721	3277504	1028791
SYST-MOR-0007115.bam	SYST-MOR-0007115	samtools 1.21	77344158	38968625	38375533	62448488	71690602	5653556	3275112	1045733
SYST-MOR-0007116.bam	SYST-MOR-0007116	samtools 1.21	81026330	40878667	40147663	64875032	75065626	5960704	3598572	1166113
SYST-MOR-0007117.bam	SYST-MOR-0007117	samtools 1.21	100646639	50656658	49989981	85841988	93840862	6805777	3019910	960415
SYST-MOR-0007118.bam	SYST-MOR-0007118	samtools 1.21	81663258	41180437	40482821	66469018	75744090	5919168	3330040	1071399
SYST-MOR-0007119.bam	SYST-MOR-0007119	samtools 1.21	71735678	36137726	35597952	56693770	66465100	5270578	3550538	1057224
SYST-MOR-0007120.bam	SYST-MOR-0007120	samtools 1.21	85189156	42863794	42325362	71050150	79295144	5894012	3017974	925043
SYST-MOR-0007121.bam	SYST-MOR-0007121	samtools 1.21	82108187	41335463	40772724	67939896	76259148	5849039	3015318	930517
SYST-MOR-0006725.bam	SYST-MOR-0006725	samtools 1.21	99578816	50343352	49235464	78062236	91910226	7668590	4897002	1504673
SYST-MOR-0007122.bam	SYST-MOR-0007122	samtools 1.21	100691047	50795600	49895447	79783076	93162254	7528793	4645282	1479854
SYST-MOR-0007123.bam	SYST-MOR-0007123	samtools 1.21	109473071	55115106	54357965	91535278	101852332	7620739	3867330	1208988
SYST-MOR-0007124.bam	SYST-MOR-0007124	samtools 1.21	101028017	50854828	50173189	85481532	94033164	6994853	3164416	976503
SYST-MOR-0007125.bam	SYST-MOR-0007125	samtools 1.21	96688532	48731808	47956724	78410848	89949296	6739236	4040422	1300956
SYST-MOR-0007126.bam	SYST-MOR-0007126	samtools 1.21	95785359	48383964	47401395	79056614	88821624	6963735	3540632	1126805
SYST-MOR-0007127.bam	SYST-MOR-0007127	samtools 1.21	85076881	42896983	42179898	67880178	78861884	6214997	3884128	1264924
SYST-MOR-0007128.bam	SYST-MOR-0007128	samtools 1.21	97968093	49463278	48504815	76998594	90621118	7346975	4618540	1461968
SYST-MOR-0007129.bam	SYST-MOR-0007129	samtools 1.21	85299522	42909860	42389662	72582600	79223210	6076312	2554204	720448
SYST-MOR-0007130.bam	SYST-MOR-0007130	samtools 1.21	66430213	33499268	32930945	53460866	61482416	4947797	2831226	870039
SYST-MOR-0007131.bam	SYST-MOR-0007131	samtools 1.21	74850374	37768561	37081813	59766156	68474610	6375764	3177926	903145
SYST-MOR-0006726.bam	SYST-MOR-0006726	samtools 1.21	97183016	49025645	48157371	77659826	89844776	7338240	4344626	1340429
SYST-MOR-0007132.bam	SYST-MOR-0007132	samtools 1.21	86873195	43696313	43176882	75186522	81117752	5755443	2314890	667160
SYST-MOR-0007133.bam	SYST-MOR-0007133	samtools 1.21	88991885	44917366	44074519	70664550	82233030	6758855	4053746	1179959
SYST-MOR-0007134.bam	SYST-MOR-0007134	samtools 1.21	127608673	64417451	63191222	101967286	117930568	9678105	5657388	1665570
SYST-MOR-0007135.bam	SYST-MOR-0007135	samtools 1.21	116938897	59071680	57867217	90130124	108384414	8554483	6103928	1988328
SYST-MOR-0007136.bam	SYST-MOR-0007136	samtools 1.21	91827097	46440820	45386277	70600462	83893188	7933909	4633638	1355027
SYST-MOR-0007137.bam	SYST-MOR-0007137	samtools 1.21	63344117	31909911	31434206	50652314	58603462	4740655	2799508	884169
SYST-MOR-0007138.bam	SYST-MOR-0007138	samtools 1.21	92727403	46726491	46000912	73254184	85472602	7254801	4370164	1259024
SYST-MOR-0007139.bam	SYST-MOR-0007139	samtools 1.21	95831568	48385393	47446175	75739616	87805730	8025838	4304546	1219292
SYST-MOR-0007140.bam	SYST-MOR-0007140	samtools 1.21	77231410	38950753	38280657	61802542	71552358	5679052	3376682	1090065
SYST-MOR-0007141.bam	SYST-MOR-0007141	samtools 1.21	146571488	73959478	72612010	117381894	136294544	10276944	6456090	2083058
SYST-MOR-0006727.bam	SYST-MOR-0006727	samtools 1.21	82155735	41376644	40779091	65943810	76002456	6153279	3812560	1126928
SYST-MOR-0007142.bam	SYST-MOR-0007142	samtools 1.21	94346897	47682588	46664309	74076462	87253788	7093109	4535910	1466683
SYST-MOR-0007143.bam	SYST-MOR-0007143	samtools 1.21	97911974	49381845	48530129	75619868	90671536	7240438	4998830	1587162
SYST-MOR-0007144.bam	SYST-MOR-0007144	samtools 1.21	82213022	41384995	40828027	63816914	76324064	5888958	4124428	1316983
SYST-MOR-0007145.bam	SYST-MOR-0007145	samtools 1.21	70439993	35665700	34774293	55377852	64194684	6245309	3123064	886677
SYST-MOR-0007146.bam	SYST-MOR-0007146	samtools 1.21	65764491	33207205	32557286	51813002	60699990	5064501	2983038	972905
SYST-MOR-0007147.bam	SYST-MOR-0007147	samtools 1.21	90401294	45648019	44753275	71002254	83027108	7374186	4208540	1240003
SYST-MOR-0007148.bam	SYST-MOR-0007148	samtools 1.21	94540279	47697467	46842812	76012734	87502102	7038177	3959094	1264957
SYST-MOR-0007149.bam	SYST-MOR-0007149	samtools 1.21	103759542	52297499	51462043	86666298	96663136	7096406	3486034	1079155
SYST-MOR-0007150.bam	SYST-MOR-0007150	samtools 1.21	96922573	49041576	47880997	75697622	89662174	7260399	4739570	1505726
SYST-MOR-0007151.bam	SYST-MOR-0007151	samtools 1.21	86799894	43846012	42953882	67605834	80206242	6593652	4228774	1404406
SYST-MOR-0006728.bam	SYST-MOR-0006728	samtools 1.21	81767919	41263393	40504526	64494500	75445382	6322537	3986964	1221448
SYST-MOR-0007152.bam	SYST-MOR-0007152	samtools 1.21	103938413	52516570	51421843	81076776	96013130	7925283	5024256	1627054
SYST-MOR-0007153.bam	SYST-MOR-0007153	samtools 1.21	89721491	45258150	44463341	70147478	82499542	7221949	4211148	1365824
SYST-MOR-0007154.bam	SYST-MOR-0007154	samtools 1.21	91112333	45942371	45169962	71478884	84404164	6708169	4332706	1416869
SYST-MOR-0007155.bam	SYST-MOR-0007155	samtools 1.21	121548608	61299150	60249458	97219966	112548070	9000538	5160346	1636939
SYST-MOR-0007156.bam	SYST-MOR-0007156	samtools 1.21	103013172	51940415	51072757	83905718	95363334	7649838	4162202	1268591
SYST-MOR-0007157.bam	SYST-MOR-0007157	samtools 1.21	95184646	47884930	47299716	81715364	88638598	6546048	2608422	763825
SYST-MOR-0007158.bam	SYST-MOR-0007158	samtools 1.21	65050653	32795797	32254856	53252748	60086174	4964479	2471500	722297
SYST-MOR-0007159.bam	SYST-MOR-0007159	samtools 1.21	84515926	42674196	41841730	66501860	78138730	6377196	3966290	1278896
SYST-MOR-0007160.bam	SYST-MOR-0007160	samtools 1.21	81217069	41013708	40203361	65022086	74766394	6450675	3556438	1039568
SYST-MOR-0007161.bam	SYST-MOR-0007161	samtools 1.21	79509864	40168700	39341164	61145520	73103142	6406722	4108768	1295806
SYST-MOR-0006729.bam	SYST-MOR-0006729	samtools 1.21	90900439	45850449	45049990	72410768	84108508	6791931	4298254	1320392
SYST-MOR-0007162.bam	SYST-MOR-0007162	samtools 1.21	71189738	35916553	35273185	58939638	65446018	5743720	2483778	689084
SYST-MOR-0007163.bam	SYST-MOR-0007163	samtools 1.21	87481357	44049246	43432111	70031470	80951036	6530321	3802512	1205803
SYST-MOR-0007164.bam	SYST-MOR-0007164	samtools 1.21	84836413	42703746	42132667	71883530	78846784	5989629	2632630	791406
SYST-MOR-0007165.bam	SYST-MOR-0007165	samtools 1.21	101333819	51035975	50297844	85820802	93809166	7524653	2968728	837402
SYST-MOR-0007166.bam	SYST-MOR-0007166	samtools 1.21	71461295	36037450	35423845	58237088	65965458	5495837	2844388	860954
SYST-MOR-0007167.bam	SYST-MOR-0007167	samtools 1.21	69159707	34926075	34233632	54338724	63540488	5619219	3232422	928003
SYST-MOR-0007168.bam	SYST-MOR-0007168	samtools 1.21	78073531	39282374	38791157	62132928	72356212	5717319	3551172	1095163
SYST-MOR-0007169.bam	SYST-MOR-0007169	samtools 1.21	74106770	37333149	36773621	59951796	68150704	5956066	2960236	834572
SYST-MOR-0007170.bam	SYST-MOR-0007170	samtools 1.21	91582776	46234969	45347807	73231774	83961260	7621516	3779556	1103103
SYST-MOR-0007171.bam	SYST-MOR-0007171	samtools 1.21	83140423	41817795	41322628	71071160	77457786	5682637	2478446	750836
SYST-MOR-0006730.bam	SYST-MOR-0006730	samtools 1.21	93112831	47035561	46077270	74591582	86262000	6850831	4144284	1282382
SYST-MOR-0007172.bam	SYST-MOR-0007172	samtools 1.21	92658454	46692275	45966179	75983534	85187892	7470562	3395588	958211
SYST-MOR-0007173.bam	SYST-MOR-0007173	samtools 1.21	109233760	55029244	54204516	89757528	100764424	8469336	4069050	1165433
SYST-MOR-0007174.bam	SYST-MOR-0007174	samtools 1.21	96543990	48656749	47887241	78865084	89714254	6829736	3983896	1265704
SYST-MOR-0007175.bam	SYST-MOR-0007175	samtools 1.21	89285082	45053972	44231110	73204632	82138894	7146188	3287106	931317
SYST-MOR-0007176.bam	SYST-MOR-0007176	samtools 1.21	85593836	43067418	42526418	69584652	79625124	5968712	3597014	1150038
SYST-MOR-0007177.bam	SYST-MOR-0007177	samtools 1.21	62666122	31476842	31189280	53240860	58353494	4312628	1958824	605653
SYST-MOR-0007178.bam	SYST-MOR-0007178	samtools 1.21	101573956	51160154	50413802	83567580	93511178	8062778	3762426	1066502
SYST-MOR-0007179.bam	SYST-MOR-0007179	samtools 1.21	95102371	47909006	47193365	80334314	88407754	6694617	3021134	926570
SYST-MOR-0007180.bam	SYST-MOR-0007180	samtools 1.21	82138468	41413962	40724506	70048852	77091562	5046906	2462840	737527
SYST-MOR-0007181.bam	SYST-MOR-0007181	samtools 1.21	88556396	44678222	43878174	71223900	82024420	6531976	3792248	1217245
SYST-MOR-0006731.bam	SYST-MOR-0006731	samtools 1.21	80465307	40581028	39884279	63584392	74481590	5983717	4086472	1261442
SRR14632927.bam	SRR14632927	samtools 1.21	176786117	89024249	87761868	151198316	166428492	10357625	7700544	2041586
SYST-MOR-0007182.bam	SYST-MOR-0007182	samtools 1.21	150166146	75681207	74484939	123299580	139510560	10655586	5791020	1812485
SYST-MOR-0007183.bam	SYST-MOR-0007183	samtools 1.21	98698011	49714339	48983672	80948166	91715004	6983007	3839482	1267639
SYST-MOR-0007184.bam	SYST-MOR-0007184	samtools 1.21	118216672	59605094	58611578	95854642	109814584	8402088	4784206	1562878
SYST-MOR-0007185.bam	SYST-MOR-0007185	samtools 1.21	104013006	52344279	51668727	87970462	96966282	7046724	3245960	1000206
SYST-MOR-0007186.bam	SYST-MOR-0007186	samtools 1.21	72355182	36383130	35972052	59087428	67333800	5021382	2820868	925271
SYST-MOR-0007187.bam	SYST-MOR-0007187	samtools 1.21	75267562	37908650	37358912	62555928	69725334	5542228	2622380	798813
SYST-MOR-0007188.bam	SYST-MOR-0007188	samtools 1.21	88285727	44442852	43842875	74174442	82141312	6144415	2946778	908380
SYST-MOR-0007189.bam	SYST-MOR-0007189	samtools 1.21	116296328	58521071	57775257	99424038	108573224	7723104	3418514	1052368
SYST-MOR-0007190.bam	SYST-MOR-0007190	samtools 1.21	91444032	46010753	45433279	77599680	85326104	6117928	2920932	876823
SYST-MOR-0007191.bam	SYST-MOR-0007191	samtools 1.21	81548345	41066261	40482084	68377330	75853982	5694363	2752308	817419
SYST-MOR-0006732.bam	SYST-MOR-0006732	samtools 1.21	92574110	46690860	45883250	74711502	85867820	6706290	3877352	1227175
SYST-MOR-0007192.bam	SYST-MOR-0007192	samtools 1.21	101734082	51067603	50666479	85572686	95073592	6660490	3334784	1045969
SYST-MOR-0007193.bam	SYST-MOR-0007193	samtools 1.21	117034156	58802418	58231738	100161538	109208684	7825472	3390294	1050298
SYST-MOR-0007194.bam	SYST-MOR-0007194	samtools 1.21	76888420	38669516	38218904	65546514	71500880	5387540	2257838	672871
SYST-MOR-0007195.bam	SYST-MOR-0007195	samtools 1.21	88024339	44322193	43702146	74084252	81974696	6049643	2799996	887967
SYST-MOR-0007196.bam	SYST-MOR-0007196	samtools 1.21	92406765	46501115	45905650	77760718	85753262	6653503	3007994	908553
SYST-MOR-0007197.bam	SYST-MOR-0007197	samtools 1.21	136435192	68512926	67922266	123407430	128685840	7749352	2229426	628748
SYST-MOR-0007198.bam	SYST-MOR-0007198	samtools 1.21	102616062	51614305	51001757	87430394	95868342	6747720	3122462	971277
SYST-MOR-0007199.bam	SYST-MOR-0007199	samtools 1.21	124125645	62465594	61660051	105016752	115321010	8804635	3903134	1161261
SYST-MOR-0007200.bam	SYST-MOR-0007200	samtools 1.21	100900276	50915291	49984985	78545550	93178614	7721662	5215118	1588395
SYST-MOR-0007201.bam	SYST-MOR-0007201	samtools 1.21	112389797	56586575	55803222	94532104	104652920	7736877	3708974	1135967
SYST-MOR-0006733.bam	SYST-MOR-0006733	samtools 1.21	102075904	51593667	50482237	78929936	94037684	8038220	5252586	1725292
SYST-MOR-0007202.bam	SYST-MOR-0007202	samtools 1.21	137837741	69290130	68547611	116847382	128254038	9583703	4430892	1335704
SYST-MOR-0007203.bam	SYST-MOR-0007203	samtools 1.21	101822611	51208432	50614179	86615816	94707024	7115587	3154196	944852
SYST-MOR-0007204.bam	SYST-MOR-0007204	samtools 1.21	100875000	50808715	50066285	80791566	93171868	7703132	4535256	1384861
SYST-MOR-0007205.bam	SYST-MOR-0007205	samtools 1.21	105591083	53143981	52447102	89135540	98100882	7490201	3393436	1062741
SYST-MOR-0007206.bam	SYST-MOR-0007206	samtools 1.21	98560952	49611116	48949836	83869714	91888664	6672288	3094118	936863
SYST-MOR-0007207.bam	SYST-MOR-0007207	samtools 1.21	102481756	51652390	50829366	85128366	95263550	7218206	3774310	1188943
SYST-MOR-0007208.bam	SYST-MOR-0007208	samtools 1.21	93613119	47200385	46412734	75724584	86574454	7038665	3924946	1261596
SYST-MOR-0007209.bam	SYST-MOR-0007209	samtools 1.21	102442461	51512980	50929481	86530310	95327582	7114879	3342108	1005580
SYST-MOR-0007210.bam	SYST-MOR-0007210	samtools 1.21	105659158	53234222	52424936	85954350	97645142	8014016	4215348	1319768
SYST-MOR-0007211.bam	SYST-MOR-0007211	samtools 1.21	110959791	55781134	55178657	95129030	103597746	7362045	3178122	963289
SYST-MOR-0006734.bam	SYST-MOR-0006734	samtools 1.21	103795935	52456005	51339930	81451330	96223260	7572675	5666674	1666196
SYST-MOR-0007212.bam	SYST-MOR-0007212	samtools 1.21	104944504	52885989	52058515	84488462	96943622	8000882	4525760	1370999
SYST-MOR-0007213.bam	SYST-MOR-0007213	samtools 1.21	109084580	54922586	54161994	91905510	101361778	7722802	3546352	1051319
SYST-MOR-0007214.bam	SYST-MOR-0007214	samtools 1.21	94144371	47434575	46709796	77490170	87389016	6755355	3632066	1069799
SYST-MOR-0007215.bam	SYST-MOR-0007215	samtools 1.21	110456502	55681369	54775133	90422014	102203064	8253438	4263090	1352448
SYST-MOR-0007216.bam	SYST-MOR-0007216	samtools 1.21	106358763	53608199	52750564	85170244	98655136	7703627	4714450	1485108
SYST-MOR-0007217.bam	SYST-MOR-0007217	samtools 1.21	80414195	40484792	39929403	68039128	74929440	5484755	2525934	774435
SYST-MOR-0007218.bam	SYST-MOR-0007218	samtools 1.21	92801504	46743162	46058342	75716092	85887514	6913990	3712708	1196322
SYST-MOR-0007219.bam	SYST-MOR-0007219	samtools 1.21	108815822	54791003	54024819	89870594	101050014	7765808	4123620	1259175
SYST-MOR-0007220.bam	SYST-MOR-0007220	samtools 1.21	89996608	45372533	44624075	72385856	83255804	6740804	3902506	1219491
SYST-MOR-0007221.bam	SYST-MOR-0007221	samtools 1.21	111898625	56458990	55439635	87889504	103678206	8220419	5663070	1721485
SYST-MOR-0006735.bam	SYST-MOR-0006735	samtools 1.21	81286069	40979325	40306744	63730546	75233874	6052195	4119682	1254945
SYST-MOR-0007222.bam	SYST-MOR-0007222	samtools 1.21	96034041	48417739	47616302	76534836	88996274	7037767	4454278	1395775
SYST-MOR-0007223.bam	SYST-MOR-0007223	samtools 1.21	107638326	54285171	53353155	86488636	99738252	7900074	4647604	1498235
SYST-MOR-0007224.bam	SYST-MOR-0007224	samtools 1.21	86736229	43709423	43026806	71005452	80442494	6293735	3428128	1097994
SYST-MOR-0007225.bam	SYST-MOR-0007225	samtools 1.21	99696991	50231498	49465493	86139860	92665496	7031495	2615376	765418
SYST-MOR-0007226.bam	SYST-MOR-0007226	samtools 1.21	92096098	46447244	45648854	74604462	85153594	6942504	3794654	1192250
SYST-MOR-0007227.bam	SYST-MOR-0007227	samtools 1.21	110481611	55615021	54866590	89875356	102317894	8163717	4562184	1413550
SYST-MOR-0007228.bam	SYST-MOR-0007228	samtools 1.21	92062818	46309341	45753477	78877352	85946106	6116712	2596592	802750
SYST-MOR-0007229.bam	SYST-MOR-0007229	samtools 1.21	145630270	73356760	72273510	119703766	135932714	9697556	5768018	1774423
SYST-MOR-0007230.bam	SYST-MOR-0007230	samtools 1.21	151321128	76345547	74975581	122484246	140816240	10504888	6352850	1958769
SYST-MOR-0007231.bam	SYST-MOR-0007231	samtools 1.21	112350310	56683259	55667051	90283496	104054036	8296274	4671494	1464936
SYST-MOR-0006736.bam	SYST-MOR-0006736	samtools 1.21	78352377	39499304	38853073	62829788	72692868	5659509	3509104	1092668
SYST-MOR-0007232.bam	SYST-MOR-0007232	samtools 1.21	103255041	52085215	51169826	81373370	95552826	7702215	4777426	1549090
SYST-MOR-0007233.bam	SYST-MOR-0007233	samtools 1.21	91661548	46236863	45424685	72931596	84617128	7044420	4101100	1306302
SYST-MOR-0007234.bam	SYST-MOR-0007234	samtools 1.21	94375104	47472041	46903063	79376826	87668750	6706354	3189714	979521
SYST-MOR-0007235.bam	SYST-MOR-0007235	samtools 1.21	157008593	79104947	77903646	131733500	145740844	11267749	5332862	1610714
SYST-MOR-0007236.bam	SYST-MOR-0007236	samtools 1.21	88676123	44640648	44035475	75085984	83228110	5448013	2836026	888571
SYST-MOR-0007237.bam	SYST-MOR-0007237	samtools 1.21	45886851	23223676	22663175	32877360	42350010	3536841	3109354	1023585
SYST-MOR-0007238.bam	SYST-MOR-0007238	samtools 1.21	129875461	65609029	64266432	100502342	120428368	9447093	6736790	2203419
SYST-MOR-0007239.bam	SYST-MOR-0007239	samtools 1.21	114049094	57570152	56478942	89398834	105873834	8175260	5634550	1834048
SYST-MOR-0007240.bam	SYST-MOR-0007240	samtools 1.21	104265036	52647062	51617974	80762482	96465718	7799318	5324178	1778451
SYST-MOR-0007241.bam	SYST-MOR-0007241	samtools 1.21	94445912	47535342	46910570	78993262	87689446	6756466	3215042	985800
SYST-MOR-0006737.bam	SYST-MOR-0006737	samtools 1.21	84086636	42426234	41660402	65772720	77707796	6378840	4495864	1422068
SYST-MOR-0007242.bam	SYST-MOR-0007242	samtools 1.21	106714386	53794781	52919605	84366440	98702320	8012066	4994952	1567945
SYST-MOR-0007243.bam	SYST-MOR-0007243	samtools 1.21	108275098	54445237	53829861	95192422	101360142	6914956	2484460	715298
SYST-MOR-0007244.bam	SYST-MOR-0007244	samtools 1.21	104561716	52551937	52009779	91065734	97964222	6597494	2621098	777644
SYST-MOR-0007245.bam	SYST-MOR-0007245	samtools 1.21	117563498	59235703	58327795	96324408	109494384	8069114	4592224	1532813
SYST-MOR-0007246.bam	SYST-MOR-0007246	samtools 1.21	149051020	75098488	73952532	120499626	138885794	10165226	6372076	1987763
SYST-MOR-0007247.bam	SYST-MOR-0007247	samtools 1.21	94467072	47684177	46782895	73366156	87576416	6890656	4841552	1526020
SYST-MOR-0007248.bam	SYST-MOR-0007248	samtools 1.21	87015375	43846000	43169375	68977780	80769092	6246283	4049160	1347176
SYST-MOR-0007249.bam	SYST-MOR-0007249	samtools 1.21	104335988	52562784	51773204	83854468	97040654	7295334	4473856	1466024
SYST-MOR-0007250.bam	SYST-MOR-0007250	samtools 1.21	93527020	47145741	46381279	74568084	86656122	6870898	4111682	1317678
SYST-MOR-0007251.bam	SYST-MOR-0007251	samtools 1.21	121239930	61032362	60207568	100077904	112690968	8548962	4604352	1442258
SYST-MOR-0006738.bam	SYST-MOR-0006738	samtools 1.21	101051066	51046400	50004666	77161912	93198878	7852188	5797802	1819399
SYST-MOR-0007252.bam	SYST-MOR-0007252	samtools 1.21	110950956	55712898	55238058	101509730	104922418	6028538	1523610	416512
SYST-MOR-0007253.bam	SYST-MOR-0007253	samtools 1.21	121217962	60987857	60230105	104863396	113618136	7599826	3337564	1005226
SYST-MOR-0007254.bam	SYST-MOR-0007254	samtools 1.21	120661933	60771909	59890024	100656800	112670038	7991895	4266956	1353571
SYST-MOR-0007255.bam	SYST-MOR-0007255	samtools 1.21	117428951	59166922	58262029	96847004	109438114	7990837	4454456	1422052
SYST-MOR-0007256.bam	SYST-MOR-0007256	samtools 1.21	81785580	41214463	40571117	66126016	75970094	5815486	3374164	1111131
SYST-MOR-0007257.bam	SYST-MOR-0007257	samtools 1.21	21668639	10949423	10719216	15941248	20029552	1639087	1341236	446849
SYST-MOR-0007258.bam	SYST-MOR-0007258	samtools 1.21	107240428	53902799	53337629	91145136	99932588	7307840	3252204	1000457
SYST-MOR-0007259.bam	SYST-MOR-0007259	samtools 1.21	102562923	51663526	50899397	83215124	95331250	7231673	4171584	1348584
SYST-MOR-0007260.bam	SYST-MOR-0007260	samtools 1.21	104337586	52334698	52002888	97305826	99393666	4943920	965102	242507
SYST-MOR-0007357.bam	SYST-MOR-0007357	samtools 1.21	101828208	51225886	50602322	83613788	95125606	6702602	4130078	1339725
SYST-MOR-0006739.bam	SYST-MOR-0006739	samtools 1.21	110010423	55427941	54582482	90319852	102341360	7669063	4258742	1339977
SYST-MOR-0007358.bam	SYST-MOR-0007358	samtools 1.21	113234465	57031779	56202686	91132852	105444440	7790025	4972158	1662624
SYST-MOR-0007359.bam	SYST-MOR-0007359	samtools 1.21	95055824	47954220	47101604	75544142	88055170	7000654	4374616	1456404
SYST-MOR-0007360.bam	SYST-MOR-0007360	samtools 1.21	76876615	38763155	38113460	61981884	71493754	5382861	3344320	1111530
SYST-MOR-0007361.bam	SYST-MOR-0007361	samtools 1.21	92199583	46361035	45838548	76525758	85935472	6264111	3374478	1066902
SYST-MOR-0007362.bam	SYST-MOR-0007362	samtools 1.21	104703182	52769865	51933317	85254272	97047212	7655970	4244648	1376544
SYST-MOR-0007363.bam	SYST-MOR-0007363	samtools 1.21	86053310	43231889	42821421	74311530	80514240	5539070	2374776	747216
SYST-MOR-0007364.bam	SYST-MOR-0007364	samtools 1.21	117744004	59299962	58444042	96498036	109426724	8317280	4609758	1510193
SYST-MOR-0007365.bam	SYST-MOR-0007365	samtools 1.21	107627603	54108086	53519517	92849314	100842018	6785585	2957850	928532
SYST-MOR-0007366.bam	SYST-MOR-0007366	samtools 1.21	105299811	52998755	52301056	87811456	98482156	6817655	3866652	1208861
SYST-MOR-0007367.bam	SYST-MOR-0007367	samtools 1.21	79856166	40199910	39656256	65225956	74630944	5225222	3356640	1077560
SYST-MOR-0006740.bam	SYST-MOR-0006740	samtools 1.21	99488688	50088440	49400248	83395580	92569722	6918966	3441082	1073899
SYST-MOR-0007368.bam	SYST-MOR-0007368	samtools 1.21	75096714	37756263	37340451	64523406	70372196	4724518	2222092	690386
SYST-MOR-0007369.bam	SYST-MOR-0007369	samtools 1.21	97169736	48869810	48299926	81711736	90559584	6610152	3251976	1067758
SYST-MOR-0007370.bam	SYST-MOR-0007370	samtools 1.21	101441552	51051071	50390481	85104390	94437278	7004274	3451986	1115777
SYST-MOR-0007371.bam	SYST-MOR-0007371	samtools 1.21	132794577	66782536	66012041	112423890	123925470	8869107	4385480	1364592
SYST-MOR-0007372.bam	SYST-MOR-0007372	samtools 1.21	98471085	49455135	49015950	85582638	92215974	6255111	2632458	800986
SYST-MOR-0007373.bam	SYST-MOR-0007373	samtools 1.21	143110697	71950995	71159702	122580194	134067888	9042809	4304550	1342422
SYST-MOR-0007374.bam	SYST-MOR-0007374	samtools 1.21	102216191	51470173	50746018	86615010	95865300	6350891	3373494	1020522
SYST-MOR-0007375.bam	SYST-MOR-0007375	samtools 1.21	102196628	51412377	50784251	87205712	95603634	6592994	3132442	946918
SYST-MOR-0007376.bam	SYST-MOR-0007376	samtools 1.21	85801615	43101120	42700495	74900256	80388594	5413021	2153112	644809
SYST-MOR-0007377.bam	SYST-MOR-0007377	samtools 1.21	95455724	48040317	47415407	80937542	88961730	6493994	3087052	968113
SYST-MOR-0006741.bam	SYST-MOR-0006741	samtools 1.21	99862955	50422482	49440473	78182320	92451318	7411637	4885648	1577367
SRR14632928.bam	SRR14632928	samtools 1.21	158743914	80699879	78044035	115932998	145842290	12901624	12606378	4171582
SYST-MOR-0007378.bam	SYST-MOR-0007378	samtools 1.21	80510656	40503432	40007224	69296966	75150578	5360078	2255296	688407
SYST-MOR-0007379.bam	SYST-MOR-0007379	samtools 1.21	69098577	34713137	34385440	60559198	64782438	4316139	1678986	498813
SYST-MOR-0007380.bam	SYST-MOR-0007380	samtools 1.21	104182899	52247054	51935845	94659846	98330208	5852691	1606534	447715
SYST-MOR-0007381.bam	SYST-MOR-0007381	samtools 1.21	175119233	88045267	87073966	151820354	164052334	11066899	4612064	1442894
SYST-MOR-0007382.bam	SYST-MOR-0007382	samtools 1.21	99913534	50245296	49668238	86148918	93579066	6334468	2850860	875737
SYST-MOR-0007383.bam	SYST-MOR-0007383	samtools 1.21	101481650	51101093	50380557	84767094	94464508	7017142	3519712	1103563
SYST-MOR-0007384.bam	SYST-MOR-0007384	samtools 1.21	98679662	49720235	48959427	81968114	91895602	6784060	3686840	1146496
SYST-MOR-0007385.bam	SYST-MOR-0007385	samtools 1.21	91197174	45994309	45202865	76770560	84773404	6423770	2989708	882640
SYST-MOR-0007386.bam	SYST-MOR-0007386	samtools 1.21	92013327	46271953	45741374	78941650	85968672	6044655	2649820	823270
SYST-MOR-0007387.bam	SYST-MOR-0007387	samtools 1.21	88677608	44581791	44095817	76700264	83080602	5597006	2475432	723991
SYST-MOR-0006742.bam	SYST-MOR-0006742	samtools 1.21	122551436	62087065	60464371	98188784	112337662	10213774	5156692	1434520
SYST-MOR-0007388.bam	SYST-MOR-0007388	samtools 1.21	96124779	48213699	47911080	89414332	91467362	4657417	972916	239620
SYST-MOR-0007389.bam	SYST-MOR-0007389	samtools 1.21	156082441	78437429	77645012	137860972	146786662	9295779	3531514	1060029
SYST-MOR-0007390.bam	SYST-MOR-0007390	samtools 1.21	63427668	31917271	31510397	53976692	59163102	4264566	2010502	600836
SYST-MOR-0007391.bam	SYST-MOR-0007391	samtools 1.21	81720726	41067763	40652963	68704426	76196492	5524234	2743818	855888
SYST-MOR-0007392.bam	SYST-MOR-0007392	samtools 1.21	72273269	36401523	35871746	60337918	67204516	5068753	2537512	791995
SYST-MOR-0007393.bam	SYST-MOR-0007393	samtools 1.21	68261040	34338535	33922505	57838710	63572244	4688796	2245588	720787
SYST-MOR-0007394.bam	SYST-MOR-0007394	samtools 1.21	76494875	38472577	38022298	65604368	71534954	4959921	2276526	724264
SYST-MOR-0007395.bam	SYST-MOR-0007395	samtools 1.21	63048436	31714039	31334397	53890716	58855342	4193094	1908440	576791
SYST-MOR-0007396.bam	SYST-MOR-0007396	samtools 1.21	82453442	41445278	41008164	68215940	76697302	5756140	3211242	985416
SYST-MOR-0007397.bam	SYST-MOR-0007397	samtools 1.21	89011606	44773837	44237769	75361550	83169852	5841754	3004498	906100
SYST-MOR-0006743.bam	SYST-MOR-0006743	samtools 1.21	89291376	45075588	44215788	70248812	82770748	6520628	4195238	1378670
SYST-MOR-0007398.bam	SYST-MOR-0007398	samtools 1.21	81137963	40843101	40294862	68214136	75532478	5605485	2714584	828089
SYST-MOR-0007399.bam	SYST-MOR-0007399	samtools 1.21	74438279	37454420	36983859	61877118	69267326	5170953	2793236	845846
SYST-MOR-0007400.bam	SYST-MOR-0007400	samtools 1.21	82214053	41416970	40797083	67772122	76299478	5914575	3171644	1001363
SYST-MOR-0007401.bam	SYST-MOR-0007401	samtools 1.21	77598535	39053320	38545215	66074890	72133018	5465517	2344300	713301
SYST-MOR-0007402.bam	SYST-MOR-0007402	samtools 1.21	74038251	37228235	36810016	61209162	68613668	5424583	2771490	883297
SYST-MOR-0007403.bam	SYST-MOR-0007403	samtools 1.21	62062970	31278885	30784085	51054298	57586828	4476142	2470470	751837
SYST-MOR-0007404.bam	SYST-MOR-0007404	samtools 1.21	78679120	39639794	39039326	64889044	72938060	5741060	2988520	919449
SYST-MOR-0007405.bam	SYST-MOR-0007405	samtools 1.21	91826883	46230841	45596042	75808694	85373866	6453017	3510814	1110800
SYST-MOR-0007406.bam	SYST-MOR-0007406	samtools 1.21	80214494	40545971	39668523	65009208	74152284	6062210	3371538	1038032
SYST-MOR-0007407.bam	SYST-MOR-0007407	samtools 1.21	72728696	36747725	35980971	55531714	67050582	5678114	4217382	1275850
SYST-MOR-0006744.bam	SYST-MOR-0006744	samtools 1.21	107989231	54499586	53489645	86891106	99825120	8164111	4615354	1436339
SYST-MOR-0007408.bam	SYST-MOR-0007408	samtools 1.21	82195956	41356801	40839155	69072692	76434510	5761446	2781024	887167
SYST-MOR-0007409.bam	SYST-MOR-0007409	samtools 1.21	80416551	40415585	40000966	70822330	75230872	5185679	1808986	526134
SYST-MOR-0007410.bam	SYST-MOR-0007410	samtools 1.21	91009597	45869126	45140471	73195974	84135272	6874325	3918384	1210441
SYST-MOR-0007411.bam	SYST-MOR-0007411	samtools 1.21	96922573	48852547	48070026	78243236	89631812	7290761	4127012	1302593
SYST-MOR-0007412.bam	SYST-MOR-0007412	samtools 1.21	99883734	50283291	49600443	83342776	92999774	6883960	3635568	1091254
SYST-MOR-0007413.bam	SYST-MOR-0007413	samtools 1.21	99222982	50002370	49220612	81218784	92091484	7131498	3916474	1197382
SYST-MOR-0007414.bam	SYST-MOR-0007414	samtools 1.21	84624205	42658054	41966151	68457210	78508188	6116017	3573882	1124628
SYST-MOR-0007415.bam	SYST-MOR-0007415	samtools 1.21	88737751	44597053	44140698	77546308	82956964	5780787	2191176	636766
SYST-MOR-0007416.bam	SYST-MOR-0007416	samtools 1.21	88512064	44620897	43891167	70891632	81892326	6619738	3847696	1225280
SYST-MOR-0007417.bam	SYST-MOR-0007417	samtools 1.21	74221608	37334111	36887497	63342388	69094360	5127248	2224900	663694
SYST-MOR-0006745.bam	SYST-MOR-0006745	samtools 1.21	67389827	33930224	33459603	55941606	62642854	4746973	2451232	751010
SYST-MOR-0007418.bam	SYST-MOR-0007418	samtools 1.21	104871204	52686043	52185161	89743240	97678548	7192656	3065162	918037
SYST-MOR-0007419.bam	SYST-MOR-0007419	samtools 1.21	69323513	34954364	34369149	54714864	64119594	5203919	3424460	1048159
SYST-MOR-0007420.bam	SYST-MOR-0007420	samtools 1.21	85125160	42948139	42177021	68690744	78660624	6464536	3598520	1116178
SYST-MOR-0007421.bam	SYST-MOR-0007421	samtools 1.21	117489488	59190069	58299419	96890200	109469600	8019888	4485954	1391410
SYST-MOR-0007422.bam	SYST-MOR-0007422	samtools 1.21	94066247	47485359	46580888	73897334	87132362	6933885	4660892	1483634
SYST-MOR-0007423.bam	SYST-MOR-0007423	samtools 1.21	91348811	46062117	45286694	69820304	84566984	6781827	5013708	1611842
SYST-MOR-0007424.bam	SYST-MOR-0007424	samtools 1.21	104901498	52787960	52113538	82387204	97154370	7747128	5190464	1574770
SYST-MOR-0007425.bam	SYST-MOR-0007425	samtools 1.21	73434905	36971088	36463817	58313056	67998350	5436555	3427090	1063359
SYST-MOR-0007426.bam	SYST-MOR-0007426	samtools 1.21	54976330	27658482	27317848	47358014	51349290	3627040	1539620	455177
SYST-MOR-0007427.bam	SYST-MOR-0007427	samtools 1.21	108564329	54606825	53957504	94198346	101505442	7058887	2811862	845551
SYST-MOR-0006746.bam	SYST-MOR-0006746	samtools 1.21	84906240	42843938	42062302	67705334	78669350	6236890	3729900	1187204
SYST-MOR-0007428.bam	SYST-MOR-0007428	samtools 1.21	86962089	43850839	43111250	68256634	80501808	6460281	4364518	1328178
SYST-MOR-0007429.bam	SYST-MOR-0007429	samtools 1.21	222430740	112046982	110383758	182212672	207833292	14597448	8875148	2752037
SYST-MOR-0007430.bam	SYST-MOR-0007430	samtools 1.21	118769684	59846841	58922843	97611546	110521808	8247876	4674972	1415727
SYST-MOR-0007431.bam	SYST-MOR-0007431	samtools 1.21	41802847	21125581	20677266	34107048	38861296	2941551	1662716	509147
SYST-MOR-0007432.bam	SYST-MOR-0007432	samtools 1.21	78328795	39549579	38779216	61315554	72487536	5841259	3874222	1253520
SYST-MOR-0007433.bam	SYST-MOR-0007433	samtools 1.21	93455324	47168849	46286475	73925668	86381936	7073388	4320410	1392162
SYST-MOR-0007434.bam	SYST-MOR-0007434	samtools 1.21	87327745	43918015	43409730	70268578	81000774	6326971	3781534	1212874
SYST-MOR-0007435.bam	SYST-MOR-0007435	samtools 1.21	107316396	53968781	53347615	90930266	100031144	7285252	3402586	1026807
SYST-MOR-0007436.bam	SYST-MOR-0007436	samtools 1.21	91377490	46014965	45362525	74679704	84826286	6551204	3617222	1135609
SYST-MOR-0007437.bam	SYST-MOR-0007437	samtools 1.21	75114190	37888955	37225235	62597350	69707512	5406678	2654756	819868
SYST-MOR-0006747.bam	SYST-MOR-0006747	samtools 1.21	63685067	32126219	31558848	51571370	58524232	5160835	2520528	715146
SYST-MOR-0007438.bam	SYST-MOR-0007438	samtools 1.21	87857021	44222202	43634819	74043116	81785152	6071869	2886990	884339
SYST-MOR-0007439.bam	SYST-MOR-0007439	samtools 1.21	96210573	48352236	47858337	81063678	89583198	6627375	3245236	998391
SYST-MOR-0007440.bam	SYST-MOR-0007440	samtools 1.21	91287436	45906890	45380546	76820014	85050694	6236742	3077450	919828
SYST-MOR-0007441.bam	SYST-MOR-0007441	samtools 1.21	73917406	37249223	36668183	59981860	68476828	5440578	3135074	982408
SYST-MOR-0007442.bam	SYST-MOR-0007442	samtools 1.21	95864447	48325904	47538543	77512664	88751962	7112485	4084356	1271903
SYST-MOR-0007443.bam	SYST-MOR-0007443	samtools 1.21	105161791	52964636	52197155	86498908	97579830	7581961	4141658	1235533
SYST-MOR-0007444.bam	SYST-MOR-0007444	samtools 1.21	88126364	44306217	43820147	76361296	82404730	5721634	2350862	708317
SYST-MOR-0007445.bam	SYST-MOR-0007445	samtools 1.21	320816392	161538117	159278275	263954820	298492962	22323430	12687936	4107144
SYST-MOR-0007446.bam	SYST-MOR-0007446	samtools 1.21	118991872	59874539	59117333	97135680	110531282	8460590	4752634	1515542
SYST-MOR-0007447.bam	SYST-MOR-0007447	samtools 1.21	106346171	53518598	52827573	89425872	98859526	7486645	3506042	1080422
SYST-MOR-0006748.bam	SYST-MOR-0006748	samtools 1.21	87775018	44258458	43516560	72500246	80951204	6823814	3120226	900337
SYST-MOR-0007448.bam	SYST-MOR-0007448	samtools 1.21	58082585	29225207	28857378	49398372	54190110	3892475	1833932	566669
SYST-MOR-0007449.bam	SYST-MOR-0007449	samtools 1.21	81923669	41222006	40701663	67692396	76134056	5789613	3166384	1020529
SYST-MOR-0007450.bam	SYST-MOR-0007450	samtools 1.21	77582351	39022224	38560127	66387332	72373800	5208551	2342452	731093
SYST-MOR-0007451.bam	SYST-MOR-0007451	samtools 1.21	79131053	40021682	39109371	64425252	73188318	5942735	3217450	996133
SYST-MOR-0007452.bam	SYST-MOR-0007452	samtools 1.21	95360328	47963440	47396888	80778532	88901622	6458706	3192308	961550
SYST-MOR-0007453.bam	SYST-MOR-0007453	samtools 1.21	66015296	33177848	32837448	55178198	61671508	4343788	2413202	742727
SYST-MOR-0007454.bam	SYST-MOR-0007454	samtools 1.21	80823105	40754017	40069088	65036326	74953796	5869309	3492152	1128775
SYST-MOR-0007455.bam	SYST-MOR-0007455	samtools 1.21	59534957	29970911	29564046	48292838	55298122	4236835	2519492	794437
SYST-MOR-0007456.bam	SYST-MOR-0007456	samtools 1.21	72413381	36487990	35925391	58932672	67147340	5266041	2928166	888228
SYST-MOR-0007457.bam	SYST-MOR-0007457	samtools 1.21	75231592	37915224	37316368	60447300	69737422	5494170	3280058	1031675
SYST-MOR-0006749.bam	SYST-MOR-0006749	samtools 1.21	78265516	39532350	38733166	61793080	71967342	6298174	3672750	1088740
SYST-MOR-0007458.bam	SYST-MOR-0007458	samtools 1.21	83097699	41884252	41213447	67285110	77005574	6092125	3496142	1103954
SYST-MOR-0007459.bam	SYST-MOR-0007459	samtools 1.21	101121180	50988343	50132837	83728218	93720554	7400626	3689688	1126657
SYST-MOR-0007460.bam	SYST-MOR-0007460	samtools 1.21	95470306	48039270	47431036	81790316	89121924	6348382	2859262	813704
SYST-MOR-0007461.bam	SYST-MOR-0007461	samtools 1.21	76192886	38367425	37825461	62734706	70838318	5354568	2850176	903732
SYST-MOR-0007462.bam	SYST-MOR-0007462	samtools 1.21	83087897	41896585	41191312	65723248	77135786	5952111	3939412	1306585
SYST-MOR-0007463.bam	SYST-MOR-0007463	samtools 1.21	82253144	41463712	40789432	66854628	76432438	5820706	3472874	1047185
SYST-MOR-0007464.bam	SYST-MOR-0007464	samtools 1.21	81122344	40886680	40235664	65322574	75247120	5875224	3518592	1133768
SYST-MOR-0007465.bam	SYST-MOR-0007465	samtools 1.21	79009081	39788176	39220905	66012578	73544504	5464577	2757386	854692
SYST-MOR-0007466.bam	SYST-MOR-0007466	samtools 1.21	72861116	36722845	36138271	59145242	67623148	5237968	3082230	965425
SYST-MOR-0007467.bam	SYST-MOR-0007467	samtools 1.21	78221584	39392810	38828774	63297140	72579134	5642450	3366744	1047142
SYST-MOR-0006750.bam	SYST-MOR-0006750	samtools 1.21	104090721	52571477	51519244	82124548	96966374	7124347	4889504	1576534
SYST-MOR-0007468.bam	SYST-MOR-0007468	samtools 1.21	95743066	48113997	47629069	84828302	89851546	5891520	2041466	581879
SYST-MOR-0007469.bam	SYST-MOR-0007469	samtools 1.21	94267954	47488765	46779189	74006904	87613294	6654660	4699572	1476979
SYST-MOR-0007470.bam	SYST-MOR-0007470	samtools 1.21	101376908	51324686	50052222	81424664	93925492	7451416	4429534	1413724
SYST-MOR-0007471.bam	SYST-MOR-0007471	samtools 1.21	90067249	45356435	44710814	72111654	83087170	6980079	3948638	1142377
SYST-MOR-0007472.bam	SYST-MOR-0007472	samtools 1.21	89154191	44933128	44221063	73196814	82899054	6255137	3614674	1106313
SYST-MOR-0007473.bam	SYST-MOR-0007473	samtools 1.21	86994439	43888086	43106353	68770478	80539754	6454685	4064902	1313486
SYST-MOR-0007474.bam	SYST-MOR-0007474	samtools 1.21	83709733	42320145	41389588	66975998	77222126	6487607	3653150	1151441
SYST-MOR-0007475.bam	SYST-MOR-0007475	samtools 1.21	87978932	44170525	43808407	77170604	82386444	5592488	2118054	621726
SYST-MOR-0007476.bam	SYST-MOR-0007476	samtools 1.21	83831236	42164316	41666920	72782516	78376820	5454416	2189512	650808
SYST-MOR-0007477.bam	SYST-MOR-0007477	samtools 1.21	146510564	73845697	72664867	117582458	136641202	9869362	6561300	2079290
SYST-MOR-0006751.bam	SYST-MOR-0006751	samtools 1.21	101291785	51039915	50251870	83565812	95169832	6121953	3901782	1272166
SRR14632929.bam	SRR14632929	samtools 1.21	160570048	81513805	79056243	119871824	148355846	12214202	14260420	4363808
SYST-MOR-0007478.bam	SYST-MOR-0007478	samtools 1.21	72332718	36465800	35866918	58465018	67321224	5011494	3122936	990635
SYST-MOR-0007479.bam	SYST-MOR-0007479	samtools 1.21	88402968	44594903	43808065	70468330	81850066	6552902	4063952	1315668
SYST-MOR-0007480.bam	SYST-MOR-0007480	samtools 1.21	91488177	46188469	45299708	72300896	84664316	6823861	4386898	1361223
SYST-MOR-0007481.bam	SYST-MOR-0007481	samtools 1.21	75129723	37877410	37252313	59238394	69598434	5531289	3664768	1152311
SYST-MOR-0007482.bam	SYST-MOR-0007482	samtools 1.21	77124389	38803459	38320930	62891630	71644998	5479391	3196070	1020233
SYST-MOR-0007483.bam	SYST-MOR-0007483	samtools 1.21	116602499	58755531	57846968	95039320	108247652	8354847	4670810	1471097
SYST-MOR-0006752.bam	SYST-MOR-0006752	samtools 1.21	115202809	58125132	57077677	92999710	107562194	7640615	4915102	1597945
SYST-MOR-0006753.bam	SYST-MOR-0006753	samtools 1.21	87772457	44269610	43502847	68603386	80972888	6799569	4250122	1368617
SYST-MOR-0006754.bam	SYST-MOR-0006754	samtools 1.21	114664094	57652456	57011638	96921740	106692360	7971734	3562180	1047508
SYST-MOR-0006755.bam	SYST-MOR-0006755	samtools 1.21	84550168	42713129	41837039	65476780	77977136	6573032	4336716	1377280
SYST-MOR-0006756.bam	SYST-MOR-0006756	samtools 1.21	80721570	40729049	39992521	64639268	74498292	6223278	3426486	1068842
SYST-MOR-0006757.bam	SYST-MOR-0006757	samtools 1.21	71481185	36052013	35429172	58016772	66884808	4596377	2983586	943851
SYST-MOR-0006758.bam	SYST-MOR-0006758	samtools 1.21	97182294	49066001	48116293	77142724	90894026	6288268	4720336	1486513
SYST-MOR-0006759.bam	SYST-MOR-0006759	samtools 1.21	104187025	52534345	51652680	80938940	97240956	6946069	5481550	1791077
SYST-MOR-0006760.bam	SYST-MOR-0006760	samtools 1.21	101008622	50847451	50161171	78728336	94076366	6932256	5091760	1578607
SYST-MOR-0006761.bam	SYST-MOR-0006761	samtools 1.21	97271889	49211371	48060518	77118258	89792978	7478911	4283114	1344958
SRR14632932.bam	SRR14632932	samtools 1.21	222901203	112793052	110108151	172218220	206694498	16206705	16970030	4926672
SYST-MOR-0006762.bam	SYST-MOR-0006762	samtools 1.21	97009811	48951902	48057909	77921618	89837884	7171927	4161974	1272749
SYST-MOR-0006763.bam	SYST-MOR-0006763	samtools 1.21	121226249	61224228	60002021	94894428	111855360	9370889	5901080	1831550
SYST-MOR-0006764.bam	SYST-MOR-0006764	samtools 1.21	89282624	44975767	44306857	74678024	83032058	6250566	3032712	922775
SYST-MOR-0006765.bam	SYST-MOR-0006765	samtools 1.21	116622537	58964762	57657775	91535980	108724238	7898299	5776138	1859776
SYST-MOR-0006766.bam	SYST-MOR-0006766	samtools 1.21	88052697	44536350	43516347	69357316	81836642	6216055	4157750	1306635
SYST-MOR-0006767.bam	SYST-MOR-0006767	samtools 1.21	88043247	44497582	43545665	66786398	81865410	6177837	4970916	1608320
SYST-MOR-0006768.bam	SYST-MOR-0006768	samtools 1.21	100325376	50679876	49645500	79400452	93307970	7017406	4694100	1465285
SYST-MOR-0006769.bam	SYST-MOR-0006769	samtools 1.21	96100022	48442229	47657793	76612562	88918850	7181172	4289504	1332851
SYST-MOR-0006770.bam	SYST-MOR-0006770	samtools 1.21	123040272	62066988	60973284	96038932	113710392	9329880	6083098	1905284
SYST-MOR-0006771.bam	SYST-MOR-0006771	samtools 1.21	92922395	46870876	46051519	74419720	86097590	6824805	3974586	1263561
SRR14632934.bam	SRR14632934	samtools 1.21	300624334	151791889	148832445	243808728	279920906	20703428	19226660	5138010
SYST-MOR-0006772.bam	SYST-MOR-0006772	samtools 1.21	99030689	50045339	48985350	76823178	91264490	7766199	5056676	1563719
SYST-MOR-0006773.bam	SYST-MOR-0006773	samtools 1.21	65253835	32949390	32304445	51042106	60663966	4589869	3227212	1054327
SYST-MOR-0006774.bam	SYST-MOR-0006774	samtools 1.21	104403922	52650186	51753736	82972178	97685746	6718176	4779196	1597758
SYST-MOR-0006775.bam	SYST-MOR-0006775	samtools 1.21	118247351	59760117	58487234	91189092	109248174	8999177	6101164	1973003
SYST-MOR-0006776.bam	SYST-MOR-0006776	samtools 1.21	124915128	63121256	61793872	98029456	116014406	8900722	5969790	1876548
SYST-MOR-0006777.bam	SYST-MOR-0006777	samtools 1.21	104566120	52826016	51740104	80986398	96737684	7828436	5419276	1750406
SYST-MOR-0006778.bam	SYST-MOR-0006778	samtools 1.21	103137156	52089112	51048044	82740658	95471314	7665842	4475914	1401111
SYST-MOR-0006779.bam	SYST-MOR-0006779	samtools 1.21	93362899	46952270	46410629	77292512	86834872	6528027	3495056	1104144
SYST-MOR-0006780.bam	SYST-MOR-0006780	samtools 1.21	109072469	55043858	54028611	85887230	100935916	8136553	5266060	1721307
SYST-MOR-0006781.bam	SYST-MOR-0006781	samtools 1.21	104923211	52939772	51983439	83264294	98260820	6662391	5043774	1696410
SRR14632950.bam	SRR14632950	samtools 1.21	205926070	103658990	102267080	181897524	193713984	12212086	6570624	1686459
SYST-MOR-0007484.bam	SYST-MOR-0007484	samtools 1.21	159420163	80118557	79301606	141885758	149759526	9660637	3192040	937300
SYST-MOR-0007485.bam	SYST-MOR-0007485	samtools 1.21	110075843	55437066	54638777	92366332	102856932	7218911	3898688	1174882
SYST-MOR-0007486.bam	SYST-MOR-0007486	samtools 1.21	112765517	56876856	55888661	90481668	104790956	7974561	4943144	1599550
SYST-MOR-0007487.bam	SYST-MOR-0007487	samtools 1.21	116799883	58909614	57890269	94917912	108769494	8030389	4826934	1545916
SYST-MOR-0007488.bam	SYST-MOR-0007488	samtools 1.21	86551285	43597562	42953723	68322318	80414724	6136561	4130954	1326460
SYST-MOR-0007489.bam	SYST-MOR-0007489	samtools 1.21	71529856	36120696	35409160	55769746	66096346	5433510	3629452	1192283
SYST-MOR-0007490.bam	SYST-MOR-0007490	samtools 1.21	89401502	45049761	44351741	72160666	82894836	6506666	3763120	1187964
SYST-MOR-0007491.bam	SYST-MOR-0007491	samtools 1.21	102674488	51681493	50992995	85943812	95532160	7142328	3466178	1095122
SYST-MOR-0007492.bam	SYST-MOR-0007492	samtools 1.21	100929414	50870179	50059235	82388330	93608730	7320684	3995532	1291223
SYST-MOR-0007493.bam	SYST-MOR-0007493	samtools 1.21	114137517	57464540	56672977	97333358	106599760	7537757	3460150	1071453
SYST-MOR-0007494.bam	SYST-MOR-0007494	samtools 1.21	85387082	42964036	42423046	70285588	79533064	5854018	3242020	1016065
SYST-MOR-0007495.bam	SYST-MOR-0007495	samtools 1.21	106364138	53593454	52770684	87575330	99070432	7293706	4098480	1324127
SYST-MOR-0007496.bam	SYST-MOR-0007496	samtools 1.21	102322480	51567411	50755069	83601602	95287024	7035456	4072334	1346931
SYST-MOR-0007497.bam	SYST-MOR-0007497	samtools 1.21	88047226	44353664	43693562	72346120	81898416	6148810	3379614	1106382
SYST-MOR-0007498.bam	SYST-MOR-0007498	samtools 1.21	63672551	32182361	31490190	46288682	58794880	4877671	4162094	1418807
SYST-MOR-0007499.bam	SYST-MOR-0007499	samtools 1.21	75588484	38239840	37348644	53825558	69895018	5693466	5403958	1793662
SYST-MOR-0007500.bam	SYST-MOR-0007500	samtools 1.21	86237540	43555224	42682316	60994256	79550240	6687300	6129508	2046911
SYST-MOR-0007501.bam	SYST-MOR-0007501	samtools 1.21	160852427	81032808	79819619	132677458	150198606	10653821	6506172	2046436
SYST-MOR-0007502.bam	SYST-MOR-0007502	samtools 1.21	108084286	54420086	53664200	90430300	101161234	6923052	3793402	1251108
SYST-MOR-0007503.bam	SYST-MOR-0007503	samtools 1.21	84358544	42445080	41913464	69151720	78791626	5566918	3362566	1141134
SYST-MOR-0007504.bam	SYST-MOR-0007504	samtools 1.21	99678728	50233900	49444828	80748318	92639978	7038750	4332378	1356290
SYST-MOR-0007505.bam	SYST-MOR-0007505	samtools 1.21	91438308	46134622	45303686	72809650	84498714	6939594	4086030	1313997
	SYST-MOR-0007505.bam									
